Microchip MPLAB XC8 Compiler V2.41

Linker command line:

-W-3 \
  --edf=C:/Program Files/Microchip/MPLABX/v6.10/packs/Microchip/PIC18Fxxxx_DFP/1.4.151/xc8\pic\dat\20230323171731_en.msgs \
  -cn -h+dist/default/debug\project1.debug.sym \
  --cmf=dist/default/debug\project1.debug.cmf -z -Q18F4620 \
  -oC:\Users\Dubai\AppData\Local\Temp\xcBs4p0.1\driver_tmp_3.o \
  --defsym=__MPLAB_BUILD=1 --fixupoverflow=error \
  -Mdist/default/debug/project1.debug.map \
  --md=C:\Users\Dubai\AppData\Local\Temp\xcBs4p0.1\driver_tmp_0.dat -E1 \
  -ver=XC8 Compiler --acfsm=1493 -ACODE=00h-0FFFFh -ACONST=00h-0FFFFh \
  -ASMALLCONST=01000h-010FFhx240 -AMEDIUMCONST=01000h-0FFFFh \
  -ACOMRAM=01h-07Fh -AABS1=00h-0F7Fh -ABIGRAM=01h-0F7Fh \
  -ARAM=080h-0FFh,0100h-01FFhx14,0F00h-0F7Fh -ABANK0=080h-0FFh \
  -ABANK1=0100h-01FFh -ABANK2=0200h-02FFh -ABANK3=0300h-03FFh \
  -ABANK4=0400h-04FFh -ABANK5=0500h-05FFh -ABANK6=0600h-06FFh \
  -ABANK7=0700h-07FFh -ABANK8=0800h-08FFh -ABANK9=0900h-09FFh \
  -ABANK10=0A00h-0AFFh -ABANK11=0B00h-0BFFh -ABANK12=0C00h-0CFFh \
  -ABANK13=0D00h-0DFFh -ABANK14=0E00h-0EFFh -ABANK15=0F00h-0F7Fh \
  -ASFR=0F80h-0FFFh -ABIGSFR=0F80h-0FFFh -ACONFIG=0300000h-030000Dh \
  -AIDLOC=0200000h-0200007h -AEEDATA=0F00000h-0F003FFh -peeprom_data=EEDATA \
  -preset_vec=00h,intcode=08h,intcodelo,powerup,init -pramtop=01000h \
  -psmallconst=SMALLCONST -pmediumconst=MEDIUMCONST -pconst=CONST \
  -AFARRAM=00h-00h \
  -prdata=COMRAM,nvrram=COMRAM,nvbit=COMRAM,rbss=COMRAM,rbit=COMRAM \
  -pfarbss=FARRAM,fardata=FARRAM,nvFARRAM=FARRAM \
  -pintsave_regs=BIGRAM,bigbss=BIGRAM,bigdata=BIGRAM -pbss=RAM \
  -pidata=CODE,irdata=CODE,ibigdata=CODE,ifardata=CODE -prparam=COMRAM \
  C:\Users\Dubai\AppData\Local\Temp\xcBs4p0.1\driver_tmp_9.o \
  dist/default/debug\project1.debug.o 

Object code version is 3.11

Machine type is 18F4620



                Name                               Link     Load   Length Selector   Space Scale
C:\Users\Dubai\AppData\Local\Temp\xcBs4p0.1\driver_tmp_9.o
                config                           300000   300000        E        0       4
                init                                  E        E        4        4       0
                reset_vec                             0        0        4        0       0
dist/default/debug\project1.debug.o
                intcode                               8        8        6        4       0
                config                           300000   300000        E        0       4
                temp                                 74       74        1        1       1
                mediumconst                        FEB2     FEB2      14E     7F59       0
                text81                             3B34     3B34        4     1D88       0
                text80                             3A2A     3A2A       22     1D15       0
                text79                             3492     3492       72        4       0
                text78                             3054     3054       80        4       0
                text77                             38BE     38BE       30        4       0
                text76                             2FD4     2FD4       80        4       0
                text75                             388E     388E       30        4       0
                text74                             3B3C     3B3C        2     1D88       0
                text73                             3B30     3B30        4     1D88       0
                text72                             3B2C     3B2C        4     1D88       0
                text71                             3B28     3B28        4     1D88       0
                text70                             3B24     3B24        4     1D88       0
                text69                             3B3A     3B3A        2     1D88       0
                text68                             3B38     3B38        2     1D88       0
                text67                             3A9A     3A9A       1A     1D15       0
                text66                             3A80     3A80       1A     1D15       0
                text65                             3A66     3A66       1A     1D15       0
                text64                             3A4C     3A4C       1A     1D15       0
                text63                             3AF8     3AF8        E     1D15       0
                text62                             3AEA     3AEA        E     1D15       0
                text61                             3B10     3B10        8     1D88       0
                text60                             3ADC     3ADC        E     1D15       0
                intcode_body                        FA4      FA4      406        4       0
                text58                             2A76     2A76       B0        4       0
                text57                             1F56     1F56      124        4       0
                text56                             219C     219C      110        4       0
                text55                             37C6     37C6       34        4       0
                text54                             2E36     2E36       90        4       0
                text53                             2DA6     2DA6       90        4       0
                text52                             2D0C     2D0C       9A        4       0
                text51                             29C4     29C4       B2        4       0
                text50                             25A2     25A2       EA        4       0
                text49                             207A     207A      122        4       0
                text48                             39D4     39D4       2E        4       0
                text47                             3420     3420       72        4       0
                text46                             3504     3504       70        4       0
                text45                             1BAE     1BAE      140        4       0
                text44                             18F8     18F8      168        4       0
                text43                             378C     378C       3A        4       0
                text42                             1CEE     1CEE      13C        4       0
                text41                             35E0     35E0       6C        4       0
                text40                             2842     2842       CE        4       0
                text39                             3152     3152       7E        4       0
                text38                             2BCA     2BCA       A4        4       0
                text37                             39A6     39A6       2E        4       0
                text36                             3978     3978       2E        4       0
                text35                             394A     394A       2E        4       0
                text34                             30D4     30D4       7E        4       0
                text33                             2B26     2B26       A4        4       0
                text32                             391C     391C       2E        4       0
                text31                             38EE     38EE       2E        4       0
                text30                             382C     382C       32        4       0
                text29                             37FA     37FA       32        4       0
                text28                             3574     3574       6C        4       0
                text27                             2910     2910       B4        4       0
                text26                             24AE     24AE       F4        4       0
                text25                             32C0     32C0       78        4       0
                text24                             385E     385E       30        4       0
                text23                             268C     268C       E2        4       0
                text22                             36B6     36B6       50        4       0
                text21                             23B2     23B2       FC        4       0
                text20                             276E     276E       D4        4       0
                text19                              AE4      AE4      4C0        4       0
                text18                             13AA     13AA      39A        4       0
                text17                             22AC     22AC      106        4       0
                text16                             1744     1744      1B4        4       0
                text15                              5F4      5F4      4F0        4       0
                text14                             3706     3706       4A        4       0
                text13                             3AC8     3AC8       14     1D15       0
                text12                             3B1E     3B1E        6     1D88       0
                text11                             2C6E     2C6E       9E        4       0
                text10                             1A60     1A60      14E        4       0
                text9                              2F54     2F54       80        4       0
                text8                              1E2A     1E2A      12C        4       0
                text7                              33AC     33AC       74        4       0
                text6                              3338     3338       74        4       0
                text5                              3750     3750       3C        4       0
                text4                              364C     364C       6A        4       0
                text3                              3B18     3B18        6     1D88       0
                text2                              3248     3248       78        4       0
                text1                              31D0     31D0       78        4       0
                text0                                12       12      5E2        4       0
                cstackCOMRAM                          1        1       53        1       1
                cstackBANK1                         161      161        C      100       1
                dataBANK1                           13A      13A       27      100       1
                bssBANK1                            100      100       3A      100       1
                dataBANK0                            EB       EB       14       80       1
                bssBANK0                             80       80       6B       80       1
                dataCOMRAM                           6B       6B        9        1       1
                bssCOMRAM                            54       54       17        1       1
                cinit                              2EC6     2EC6       8E        4       0
                idataBANK1                         3A02     3A02       27        4       0
                idataBANK0                         3AB4     3AB4       14     1D15       0
                idataCOMRAM                        3B06     3B06        9     1D15       0

TOTAL           Name                               Link     Load   Length     Space
        CLASS   CODE           
                intcode                               8        8        6         0
                init                                  E        E        4         0
                reset_vec                             0        0        4         0
                text81                             3B34     3B34        4         0
                text80                             3A2A     3A2A       22         0
                text79                             3492     3492       72         0
                text78                             3054     3054       80         0
                text77                             38BE     38BE       30         0
                text76                             2FD4     2FD4       80         0
                text75                             388E     388E       30         0
                text74                             3B3C     3B3C        2         0
                text73                             3B30     3B30        4         0
                text72                             3B2C     3B2C        4         0
                text71                             3B28     3B28        4         0
                text70                             3B24     3B24        4         0
                text69                             3B3A     3B3A        2         0
                text68                             3B38     3B38        2         0
                text67                             3A9A     3A9A       1A         0
                text66                             3A80     3A80       1A         0
                text65                             3A66     3A66       1A         0
                text64                             3A4C     3A4C       1A         0
                text63                             3AF8     3AF8        E         0
                text62                             3AEA     3AEA        E         0
                text61                             3B10     3B10        8         0
                text60                             3ADC     3ADC        E         0
                intcode_body                        FA4      FA4      406         0
                text58                             2A76     2A76       B0         0
                text57                             1F56     1F56      124         0
                text56                             219C     219C      110         0
                text55                             37C6     37C6       34         0
                text54                             2E36     2E36       90         0
                text53                             2DA6     2DA6       90         0
                text52                             2D0C     2D0C       9A         0
                text51                             29C4     29C4       B2         0
                text50                             25A2     25A2       EA         0
                text49                             207A     207A      122         0
                text48                             39D4     39D4       2E         0
                text47                             3420     3420       72         0
                text46                             3504     3504       70         0
                text45                             1BAE     1BAE      140         0
                text44                             18F8     18F8      168         0
                text43                             378C     378C       3A         0
                text42                             1CEE     1CEE      13C         0
                text41                             35E0     35E0       6C         0
                text40                             2842     2842       CE         0
                text39                             3152     3152       7E         0
                text38                             2BCA     2BCA       A4         0
                text37                             39A6     39A6       2E         0
                text36                             3978     3978       2E         0
                text35                             394A     394A       2E         0
                text34                             30D4     30D4       7E         0
                text33                             2B26     2B26       A4         0
                text32                             391C     391C       2E         0
                text31                             38EE     38EE       2E         0
                text30                             382C     382C       32         0
                text29                             37FA     37FA       32         0
                text28                             3574     3574       6C         0
                text27                             2910     2910       B4         0
                text26                             24AE     24AE       F4         0
                text25                             32C0     32C0       78         0
                text24                             385E     385E       30         0
                text23                             268C     268C       E2         0
                text22                             36B6     36B6       50         0
                text21                             23B2     23B2       FC         0
                text20                             276E     276E       D4         0
                text19                              AE4      AE4      4C0         0
                text18                             13AA     13AA      39A         0
                text17                             22AC     22AC      106         0
                text16                             1744     1744      1B4         0
                text15                              5F4      5F4      4F0         0
                text14                             3706     3706       4A         0
                text13                             3AC8     3AC8       14         0
                text12                             3B1E     3B1E        6         0
                text11                             2C6E     2C6E       9E         0
                text10                             1A60     1A60      14E         0
                text9                              2F54     2F54       80         0
                text8                              1E2A     1E2A      12C         0
                text7                              33AC     33AC       74         0
                text6                              3338     3338       74         0
                text5                              3750     3750       3C         0
                text4                              364C     364C       6A         0
                text3                              3B18     3B18        6         0
                text2                              3248     3248       78         0
                text1                              31D0     31D0       78         0
                text0                                12       12      5E2         0
                cinit                              2EC6     2EC6       8E         0
                idataBANK1                         3A02     3A02       27         0
                idataBANK0                         3AB4     3AB4       14         0
                idataCOMRAM                        3B06     3B06        9         0

        CLASS   CONST          

        CLASS   SMALLCONST     

        CLASS   MEDIUMCONST    
                mediumconst                        FEB2     FEB2      14E         0

        CLASS   COMRAM         
                temp                                 74       74        1         1
                cstackCOMRAM                          1        1       53         1
                dataCOMRAM                           6B       6B        9         1
                bssCOMRAM                            54       54       17         1

        CLASS   ABS1           

        CLASS   BIGRAM         

        CLASS   RAM            

        CLASS   BANK0          
                dataBANK0                            EB       EB       14         1
                bssBANK0                             80       80       6B         1

        CLASS   BANK1          
                cstackBANK1                         161      161        C         1
                dataBANK1                           13A      13A       27         1
                bssBANK1                            100      100       3A         1

        CLASS   BANK2          

        CLASS   BANK3          

        CLASS   BANK4          

        CLASS   BANK5          

        CLASS   BANK6          

        CLASS   BANK7          

        CLASS   BANK8          

        CLASS   BANK9          

        CLASS   BANK10         

        CLASS   BANK11         

        CLASS   BANK12         

        CLASS   BANK13         

        CLASS   BANK14         

        CLASS   BANK15         

        CLASS   SFR            

        CLASS   BIGSFR         

        CLASS   CONFIG         
                config                           300000   300000        E         4

        CLASS   IDLOC          

        CLASS   EEDATA         

        CLASS   FARRAM         

        CLASS   HEAP           

        CLASS   STACK          



SEGMENTS        Name                           Load    Length   Top    Selector   Space  Class

                reset_vec                      000000  000004  000004         0       0  CODE    
                cstackCOMRAM                   000001  000074  000075         1       1  COMRAM  
                intcode                        000008  003A21  003A29         4       0  CODE    
                bssBANK0                       000080  00007F  0000FF        80       1  BANK0   
                bssBANK1                       000100  00006D  00016D       100       1  BANK1   
                text80                         003A2A  0000E5  003B0F      1D15       0  CODE    
                text61                         003B10  00002E  003B3E      1D88       0  CODE    
                mediumconst                    00FEB2  00014E  010000      7F59       0  MEDIUMCO


UNUSED ADDRESS RANGES

        Name                Unused          Largest block    Delta
        BANK0            0000FF-0000FF                1
        BANK1            00016D-0001FF               93
        BANK10           000A00-000AFF              100
        BANK11           000B00-000BFF              100
        BANK12           000C00-000CFF              100
        BANK13           000D00-000DFF              100
        BANK14           000E00-000EFF              100
        BANK15           000F00-000F7F               80
        BANK2            000200-0002FF              100
        BANK3            000300-0003FF              100
        BANK4            000400-0004FF              100
        BANK5            000500-0005FF              100
        BANK6            000600-0006FF              100
        BANK7            000700-0007FF              100
        BANK8            000800-0008FF              100
        BANK9            000900-0009FF              100
        BIGRAM           000075-00007F                B
                         0000FF-0000FF                1
                         00016D-000F7F              E13
        BIGSFR           000F80-000FFF               80
        CODE             000004-000007                4
                         003A29-003A29                1
                         003B0F-003B0F                1
                         003B3E-00FEB1             C374
        COMRAM           000075-00007F                B
        CONST            000004-000007                4
                         003A29-003A29                1
                         003B0F-003B0F                1
                         003B3E-00FEB1             C374
        EEDATA           F00000-F003FF              400
        IDLOC            200000-200007                8
        MEDIUMCONST      003A29-003A29                1
                         003B0F-003B0F                1
                         003B3E-00FEB1             C374
        RAM              0000FF-0000FF                1
                         00016D-000F7F              100
        SFR              000F80-000FFF               80
        SMALLCONST       003A29-003A29                1
                         003B0F-003B0F                1
                         003B3E-00FEB1              100

                                  Symbol Table

?_RealTimeClockDS1307_Get_Date_Time             cstackCOMRAM 000015
?___fladd                                       cstackCOMRAM 000033
?___fldiv                                       cstackCOMRAM 00001A
?___fltol                                       cstackCOMRAM 000043
?___xxtofl                                      cstackCOMRAM 00000C
CCP_Capture_Mode_Config@_ccp_obj                cstackCOMRAM 00000F
CCP_Compare_Mode_Config@_ccp_obj                cstackCOMRAM 00000F
CCP_Compare_Mode_Set_Value@F3112                bssBANK0     0000B2
CCP_Compare_Mode_Set_Value@_ccp_obj             cstackCOMRAM 00000C
CCP_Compare_Mode_Set_Value@capture_temp_value   cstackCOMRAM 000011
CCP_Compare_Mode_Set_Value@compare_value        cstackCOMRAM 00000E
CCP_Init@_ccp_obj                               cstackCOMRAM 000019
CCP_Interrupt_Config@_ccp_obj                   cstackCOMRAM 00000C
CCP_Mode_Timer_Select@_ccp_obj                  cstackCOMRAM 00000C
EEPROM_24C02C_Write_Byte@Byte_Address           cstackCOMRAM 000011
EEPROM_24C02C_Write_Byte@Data                   cstackCOMRAM 000012
EEPROM_24C02C_Write_Byte@EEPROM_Address         cstackCOMRAM 000014
EEPROM_24C02C_Write_Byte@slave_ack              cstackCOMRAM 000015
EUSART_ASYNC_Init@_eusart                       cstackCOMRAM 000051
EUSART_ASYNC_RX_Init@_eusart                    cstackCOMRAM 00000C
EUSART_ASYNC_TX_Init@_eusart                    cstackCOMRAM 00000C
EUSART_Baud_Rate_Calculation@Baud_Rate_Temp     cstackBANK1  000161
EUSART_Baud_Rate_Calculation@_eusart            cstackCOMRAM 00004D
MSSP_I2C_Init@i2c_obj                           cstackCOMRAM 000051
MSSP_I2C_Master_Mode_Clock_CFG@i2c_obj          cstackCOMRAM 00004D
MSSP_I2C_Master_Read_Blocking@ack               cstackCOMRAM 00000E
MSSP_I2C_Master_Read_Blocking@i2c_data          cstackCOMRAM 00000F
MSSP_I2C_Master_Read_Blocking@i2c_obj           cstackCOMRAM 00000C
MSSP_I2C_Master_Send_Repeated_Start@i2c_obj     cstackCOMRAM 00000C
MSSP_I2C_Master_Send_Start@i2c_obj              cstackCOMRAM 00000C
MSSP_I2C_Master_Send_Stop@i2c_obj               cstackCOMRAM 00000C
MSSP_I2C_Master_Write_Blocking@ack              cstackCOMRAM 00000F
MSSP_I2C_Master_Write_Blocking@i2c_data         cstackCOMRAM 00000E
MSSP_I2C_Master_Write_Blocking@i2c_obj          cstackCOMRAM 00000C
RB4_ISR@RB4_source                              cstackCOMRAM 000001
RB5_ISR@RB5_source                              cstackCOMRAM 000001
RB6_ISR@RB6_source                              cstackCOMRAM 000001
RB7_ISR@RB7_source                              cstackCOMRAM 000001
Read_RealTimeClockDS1307@add                    cstackCOMRAM 000012
Read_RealTimeClockDS1307@data_read              cstackCOMRAM 000013
Read_RealTimeClockDS1307@slave_ack              cstackCOMRAM 000014
Timer1_Init@_timer                              cstackCOMRAM 00000E
Timer1_Mode_Select@_timer                       cstackCOMRAM 00000C
Timer3_Init@_timer                              cstackCOMRAM 00000E
Timer3_Mode_Select@_timer                       cstackCOMRAM 00000C
Timer3_Write_value@_timer                       cstackCOMRAM 000001
Timer3_Write_value@_value                       cstackCOMRAM 000003
_ADCON0bits                                     (abs)        000FC2
_ADCON1bits                                     (abs)        000FC1
_ADCON2bits                                     (abs)        000FC0
_ADC_ISR                                        text81       003B34
_ADC_Interrupt_Handler                          bssBANK0     0000B8
_ADRESH                                         (abs)        000FC4
_ADRESL                                         (abs)        000FC3
_BAUDCONbits                                    (abs)        000FB8
_CCP1CONbits                                    (abs)        000FBD
_CCP1_DefaultInterruptHandler                   text78       003054
_CCP1_ISR                                       text77       0038BE
_CCP1_Interrupt_Handler                         bssBANK0     0000B6
_CCP1_SET_Duty                                  text48       0039D4
_CCP2CONbits                                    (abs)        000FBA
_CCP2_DefaultInterruptHandler                   text76       002FD4
_CCP2_ISR                                       text75       00388E
_CCP2_Interrupt_Handler                         bssBANK0     0000B4
_CCP2_SET_Duty                                  text35       00394A
_CCPR1H                                         (abs)        000FBF
_CCPR1L                                         (abs)        000FBE
_CCPR2H                                         (abs)        000FBC
_CCPR2L                                         (abs)        000FBB
_CCP_Capture_Mode_Config                        text45       001BAE
_CCP_Compare_Mode_Config                        text44       0018F8
_CCP_Compare_Mode_Set_Value                     text47       003420
_CCP_Init                                       text40       002842
_CCP_Interrupt_Config                           text43       00378C
_CCP_Mode_Timer_Select                          text46       003504
_Check_Password                                 text49       00207A
_Door1_Open                                     text36       003978
_Door2_Open                                     text31       0038EE
_EEADR                                          (abs)        000FA9
_EEADRH                                         (abs)        000FAA
_EECON1bits                                     (abs)        000FA6
_EECON2                                         (abs)        000FA7
_EEDATA                                         (abs)        000FA8
_EEPROM_24C02C_Write_Byte                       text27       002910
_EUSART_ASYNC_Init                              text14       003706
_EUSART_ASYNC_RX_Init                           text21       0023B2
_EUSART_ASYNC_TX_Init                           text20       00276E
_EUSART_Baud_Rate_Calculation                   text15       0005F4
_EUSART_Baud_Rate_Calculation$5468              cstackBANK1  000165
_EUSART_FramingErrorHandler                     bssBANK0     000088
_EUSART_OverrunErrorHandler                     bssBANK0     000086
_EUSART_RxInterruptHandler                      bssBANK0     00008A
_EUSART_Rx_ISR                                  text74       003B3C
_EUSART_TxInterruptHandler                      bssBANK0     00008C
_EUSART_Tx_ISR                                  text73       003B30
_I2C_Obj_CFG                                    text13       003AC8
_INT0_ISR                                       text72       003B2C
_INT0_InterruptHandler                          bssBANK0     0000B0
_INT1_ISR                                       text71       003B28
_INT1_InterruptHandler                          bssBANK0     0000AE
_INT2_ISR                                       text70       003B24
_INT2_InterruptHandler                          bssBANK0     0000AC
_INTCON2bits                                    (abs)        000FF1
_INTCON3bits                                    (abs)        000FF0
_INTCONbits                                     (abs)        000FF2
_InterruptManagerHigh                           intcode      000008
_LATA                                           (abs)        000F89
_LATB                                           (abs)        000F8A
_LATC                                           (abs)        000F8B
_LATD                                           (abs)        000F8C
_LATE                                           (abs)        000F8D
_MSSP_I2C_BC_ISR                                text69       003B3A
_MSSP_I2C_ISR                                   text68       003B38
_MSSP_I2C_Init                                  text10       001A60
_MSSP_I2C_MODE_GPIO_CFG                         text12       003B1E
_MSSP_I2C_Master_Mode_Clock_CFG                 text11       002C6E
_MSSP_I2C_Master_Read_Blocking                  text25       0032C0
_MSSP_I2C_Master_Send_Repeated_Start            text24       00385E
_MSSP_I2C_Master_Send_Start                     text30       00382C
_MSSP_I2C_Master_Send_Stop                      text29       0037FA
_MSSP_I2C_Master_Write_Blocking                 text28       003574
_PIE1bits                                       (abs)        000F9D
_PIE2bits                                       (abs)        000FA0
_PIR1bits                                       (abs)        000F9E
_PIR2bits                                       (abs)        000FA1
_PORTA                                          (abs)        000F80
_PORTB                                          (abs)        000F81
_PORTBbits                                      (abs)        000F81
_PORTC                                          (abs)        000F82
_PORTD                                          (abs)        000F83
_PORTE                                          (abs)        000F84
_Password                                       dataBANK1    000154
_Print_RealTimeClockDS1307                      text26       0024AE
_RB4_Flag                                       dataCOMRAM   00006E
_RB4_ISR                                        text67       003A9A
_RB4_InterruptHandler_HIGH                      bssBANK0     0000AA
_RB4_InterruptHandler_LOW                       bssBANK0     0000A8
_RB5_Flag                                       dataCOMRAM   00006D
_RB5_ISR                                        text66       003A80
_RB5_InterruptHandler_HIGH                      bssBANK0     0000A6
_RB5_InterruptHandler_LOW                       bssBANK0     0000A4
_RB6_Flag                                       dataCOMRAM   00006C
_RB6_ISR                                        text65       003A66
_RB6_InterruptHandler_HIGH                      bssBANK0     0000A2
_RB6_InterruptHandler_LOW                       bssBANK0     0000A0
_RB7_Flag                                       dataCOMRAM   00006B
_RB7_ISR                                        text64       003A4C
_RB7_InterruptHandler_HIGH                      bssBANK0     00009E
_RB7_InterruptHandler_LOW                       bssBANK0     00009C
_RCREG                                          (abs)        000FAE
_RCSTAbits                                      (abs)        000FAB
_Read_Password                                  text50       0025A2
_Read_RealTimeClockDS1307                       text23       00268C
_RealTimeClockDS1307                            bssBANK1     000114
_RealTimeClockDS1307@RealTimeClockDS1307$F644   bssBANK0     000080
_RealTimeClockDS1307_Data                       bssBANK0     0000D4
_RealTimeClockDS1307_Get_Date_Time              text22       0036B6
_RealTimeClockDS1307_Str_Data                   bssBANK1     00010B
_RealTimeClockDS1307_Time                       bssBANK0     0000CB
_SPBRG                                          (abs)        000FAF
_SPBRGH                                         (abs)        000FB0
_SSPADD                                         (abs)        000FC8
_SSPBUF                                         (abs)        000FC9
_SSPCON1bits                                    (abs)        000FC6
_SSPCON2bits                                    (abs)        000FC5
_SSPSTATbits                                    (abs)        000FC7
_T0CONbits                                      (abs)        000FD5
_T1CONbits                                      (abs)        000FCD
_T2CONbits                                      (abs)        000FCA
_T3CONbits                                      (abs)        000FB1
_TMR0H                                          (abs)        000FD7
_TMR0L                                          (abs)        000FD6
_TMR0_ISR                                       text63       003AF8
_TMR0_Interrupt_Handler                         bssBANK0     00009A
_TMR1H                                          (abs)        000FCF
_TMR1L                                          (abs)        000FCE
_TMR1_ISR                                       text62       003AEA
_TMR1_Interrupt_Handler                         bssBANK0     000096
_TMR2                                           (abs)        000FCC
_TMR2_ISR                                       text61       003B10
_TMR2_Interrupt_Handler                         bssBANK0     000092
_TMR3H                                          (abs)        000FB3
_TMR3L                                          (abs)        000FB2
_TMR3_ISR                                       text60       003ADC
_TMR3_Interrupt_Handler                         bssBANK0     000090
_TRISA                                          (abs)        000F92
_TRISB                                          (abs)        000F93
_TRISC                                          (abs)        000F94
_TRISCbits                                      (abs)        000F94
_TRISD                                          (abs)        000F95
_TRISE                                          (abs)        000F96
_TXREG                                          (abs)        000FAD
_TXSTAbits                                      (abs)        000FAC
_Timer1_Init                                    text38       002BCA
_Timer1_Mode_Select                             text39       003152
_Timer3_Init                                    text33       002B26
_Timer3_Mode_Select                             text34       0030D4
_Timer3_Write_value                             text80       003A2A
__HRAM                                          (abs)        000000
__H__absolute__                                 __absolute__ 000000
__Habs1                                         abs1         000000
__Hbank0                                        bank0        000000
__Hbank1                                        bank1        000000
__Hbank10                                       bank10       000000
__Hbank11                                       bank11       000000
__Hbank12                                       bank12       000000
__Hbank13                                       bank13       000000
__Hbank14                                       bank14       000000
__Hbank15                                       bank15       000000
__Hbank2                                        bank2        000000
__Hbank3                                        bank3        000000
__Hbank4                                        bank4        000000
__Hbank5                                        bank5        000000
__Hbank6                                        bank6        000000
__Hbank7                                        bank7        000000
__Hbank8                                        bank8        000000
__Hbank9                                        bank9        000000
__Hbigbss                                       bigbss       000000
__Hbigdata                                      bigdata      000000
__Hbigram                                       bigram       000000
__Hbigsfr                                       bigsfr       000000
__Hbss                                          bss          000000
__HbssBANK0                                     bssBANK0     000000
__HbssBANK1                                     bssBANK1     000000
__HbssCOMRAM                                    bssCOMRAM    000000
__Hcinit                                        cinit        000000
__Hclrtext                                      clrtext      000000
__Hcomram                                       comram       000000
__Hconfig                                       config       30000E
__Hconst                                        const        000000
__HcstackBANK1                                  cstackBANK1  000000
__HcstackCOMRAM                                 cstackCOMRAM 000000
__Hdata                                         data         000000
__HdataBANK0                                    dataBANK0    000000
__HdataBANK1                                    dataBANK1    000000
__HdataCOMRAM                                   dataCOMRAM   000000
__Heeprom_data                                  eeprom_data  000000
__Hfarbss                                       farbss       000000
__Hfardata                                      fardata      000000
__Hheap                                         heap         000000
__Hibigdata                                     ibigdata     000000
__Hidata                                        idata        000000
__HidataBANK0                                   idataBANK0   000000
__HidataBANK1                                   idataBANK1   000000
__HidataCOMRAM                                  idataCOMRAM  000000
__Hidloc                                        idloc        000000
__Hifardata                                     ifardata     000000
__Hinit                                         init         000012
__Hintcode                                      intcode      00000E
__Hintcode_body                                 intcode_body 000000
__Hintcodelo                                    intcodelo    00000E
__Hintentry                                     intentry     000000
__Hintret                                       intret       000000
__Hintsave_regs                                 intsave_regs 000000
__Hirdata                                       irdata       000000
__Hmediumconst                                  mediumconst  010000
__HnvFARRAM                                     nvFARRAM     000000
__Hnvbit                                        nvbit        000000
__Hnvrram                                       nvrram       000000
__Hparam                                        rparam       000000
__Hpowerup                                      powerup      00000E
__Hram                                          ram          000000
__Hramtop                                       ramtop       001000
__Hrbit                                         rbit         000000
__Hrbss                                         rbss         000000
__Hrdata                                        rdata        000000
__Hreset_vec                                    reset_vec    000004
__Hrparam                                       rparam       000000
__Hsfr                                          sfr          000000
__Hsmallconst                                   smallconst   000000
__Hspace_0                                      (abs)        010000
__Hspace_1                                      (abs)        00016D
__Hspace_2                                      (abs)        000000
__Hspace_4                                      (abs)        60000E
__Hstack                                        stack        000000
__Hstruct                                       struct       000000
__Htemp                                         temp         000075
__Htext                                         text         000000
__Htext0                                        text0        000000
__Htext1                                        text1        000000
__Htext10                                       text10       000000
__Htext11                                       text11       000000
__Htext12                                       text12       000000
__Htext13                                       text13       000000
__Htext14                                       text14       000000
__Htext15                                       text15       000000
__Htext16                                       text16       000000
__Htext17                                       text17       000000
__Htext18                                       text18       000000
__Htext19                                       text19       000000
__Htext2                                        text2        000000
__Htext20                                       text20       000000
__Htext21                                       text21       000000
__Htext22                                       text22       000000
__Htext23                                       text23       000000
__Htext24                                       text24       000000
__Htext25                                       text25       000000
__Htext26                                       text26       000000
__Htext27                                       text27       000000
__Htext28                                       text28       000000
__Htext29                                       text29       000000
__Htext3                                        text3        000000
__Htext30                                       text30       000000
__Htext31                                       text31       000000
__Htext32                                       text32       000000
__Htext33                                       text33       000000
__Htext34                                       text34       000000
__Htext35                                       text35       000000
__Htext36                                       text36       000000
__Htext37                                       text37       000000
__Htext38                                       text38       000000
__Htext39                                       text39       000000
__Htext4                                        text4        000000
__Htext40                                       text40       000000
__Htext41                                       text41       000000
__Htext42                                       text42       000000
__Htext43                                       text43       000000
__Htext44                                       text44       000000
__Htext45                                       text45       000000
__Htext46                                       text46       000000
__Htext47                                       text47       000000
__Htext48                                       text48       000000
__Htext49                                       text49       000000
__Htext5                                        text5        000000
__Htext50                                       text50       000000
__Htext51                                       text51       000000
__Htext52                                       text52       000000
__Htext53                                       text53       000000
__Htext54                                       text54       000000
__Htext55                                       text55       000000
__Htext56                                       text56       000000
__Htext57                                       text57       000000
__Htext58                                       text58       000000
__Htext6                                        text6        000000
__Htext60                                       text60       000000
__Htext61                                       text61       000000
__Htext62                                       text62       000000
__Htext63                                       text63       000000
__Htext64                                       text64       000000
__Htext65                                       text65       000000
__Htext66                                       text66       000000
__Htext67                                       text67       000000
__Htext68                                       text68       000000
__Htext69                                       text69       000000
__Htext7                                        text7        000000
__Htext70                                       text70       000000
__Htext71                                       text71       000000
__Htext72                                       text72       000000
__Htext73                                       text73       000000
__Htext74                                       text74       000000
__Htext75                                       text75       000000
__Htext76                                       text76       000000
__Htext77                                       text77       000000
__Htext78                                       text78       000000
__Htext79                                       text79       000000
__Htext8                                        text8        000000
__Htext80                                       text80       000000
__Htext81                                       text81       000000
__Htext82                                       text82       000000
__Htext9                                        text9        000000
__LRAM                                          (abs)        000001
__L__absolute__                                 __absolute__ 000000
__Labs1                                         abs1         000000
__Lbank0                                        bank0        000000
__Lbank1                                        bank1        000000
__Lbank10                                       bank10       000000
__Lbank11                                       bank11       000000
__Lbank12                                       bank12       000000
__Lbank13                                       bank13       000000
__Lbank14                                       bank14       000000
__Lbank15                                       bank15       000000
__Lbank2                                        bank2        000000
__Lbank3                                        bank3        000000
__Lbank4                                        bank4        000000
__Lbank5                                        bank5        000000
__Lbank6                                        bank6        000000
__Lbank7                                        bank7        000000
__Lbank8                                        bank8        000000
__Lbank9                                        bank9        000000
__Lbigbss                                       bigbss       000000
__Lbigdata                                      bigdata      000000
__Lbigram                                       bigram       000000
__Lbigsfr                                       bigsfr       000000
__Lbss                                          bss          000000
__LbssBANK0                                     bssBANK0     000000
__LbssBANK1                                     bssBANK1     000000
__LbssCOMRAM                                    bssCOMRAM    000000
__Lcinit                                        cinit        000000
__Lclrtext                                      clrtext      000000
__Lcomram                                       comram       000000
__Lconfig                                       config       000000
__Lconst                                        const        000000
__LcstackBANK1                                  cstackBANK1  000000
__LcstackCOMRAM                                 cstackCOMRAM 000000
__Ldata                                         data         000000
__LdataBANK0                                    dataBANK0    000000
__LdataBANK1                                    dataBANK1    000000
__LdataCOMRAM                                   dataCOMRAM   000000
__Leeprom_data                                  eeprom_data  000000
__Lfarbss                                       farbss       000000
__Lfardata                                      fardata      000000
__Lheap                                         heap         000000
__Libigdata                                     ibigdata     000000
__Lidata                                        idata        000000
__LidataBANK0                                   idataBANK0   000000
__LidataBANK1                                   idataBANK1   000000
__LidataCOMRAM                                  idataCOMRAM  000000
__Lidloc                                        idloc        000000
__Lifardata                                     ifardata     000000
__Linit                                         init         00000E
__Lintcode                                      intcode      000008
__Lintcode_body                                 intcode_body 000000
__Lintcodelo                                    intcodelo    00000E
__Lintentry                                     intentry     000000
__Lintret                                       intret       000000
__Lintsave_regs                                 intsave_regs 000000
__Lirdata                                       irdata       000000
__Lmediumconst                                  mediumconst  00FEB2
__LnvFARRAM                                     nvFARRAM     000000
__Lnvbit                                        nvbit        000000
__Lnvrram                                       nvrram       000000
__Lparam                                        rparam       000000
__Lpowerup                                      powerup      00000E
__Lram                                          ram          000000
__Lramtop                                       ramtop       001000
__Lrbit                                         rbit         000000
__Lrbss                                         rbss         000000
__Lrdata                                        rdata        000000
__Lreset_vec                                    reset_vec    000000
__Lrparam                                       rparam       000000
__Lsfr                                          sfr          000000
__Lsmallconst                                   smallconst   000000
__Lspace_0                                      (abs)        000000
__Lspace_1                                      (abs)        000000
__Lspace_2                                      (abs)        000000
__Lspace_4                                      (abs)        000000
__Lstack                                        stack        000000
__Lstruct                                       struct       000000
__Ltemp                                         temp         000074
__Ltext                                         text         000000
__Ltext0                                        text0        000000
__Ltext1                                        text1        000000
__Ltext10                                       text10       000000
__Ltext11                                       text11       000000
__Ltext12                                       text12       000000
__Ltext13                                       text13       000000
__Ltext14                                       text14       000000
__Ltext15                                       text15       000000
__Ltext16                                       text16       000000
__Ltext17                                       text17       000000
__Ltext18                                       text18       000000
__Ltext19                                       text19       000000
__Ltext2                                        text2        000000
__Ltext20                                       text20       000000
__Ltext21                                       text21       000000
__Ltext22                                       text22       000000
__Ltext23                                       text23       000000
__Ltext24                                       text24       000000
__Ltext25                                       text25       000000
__Ltext26                                       text26       000000
__Ltext27                                       text27       000000
__Ltext28                                       text28       000000
__Ltext29                                       text29       000000
__Ltext3                                        text3        000000
__Ltext30                                       text30       000000
__Ltext31                                       text31       000000
__Ltext32                                       text32       000000
__Ltext33                                       text33       000000
__Ltext34                                       text34       000000
__Ltext35                                       text35       000000
__Ltext36                                       text36       000000
__Ltext37                                       text37       000000
__Ltext38                                       text38       000000
__Ltext39                                       text39       000000
__Ltext4                                        text4        000000
__Ltext40                                       text40       000000
__Ltext41                                       text41       000000
__Ltext42                                       text42       000000
__Ltext43                                       text43       000000
__Ltext44                                       text44       000000
__Ltext45                                       text45       000000
__Ltext46                                       text46       000000
__Ltext47                                       text47       000000
__Ltext48                                       text48       000000
__Ltext49                                       text49       000000
__Ltext5                                        text5        000000
__Ltext50                                       text50       000000
__Ltext51                                       text51       000000
__Ltext52                                       text52       000000
__Ltext53                                       text53       000000
__Ltext54                                       text54       000000
__Ltext55                                       text55       000000
__Ltext56                                       text56       000000
__Ltext57                                       text57       000000
__Ltext58                                       text58       000000
__Ltext6                                        text6        000000
__Ltext60                                       text60       000000
__Ltext61                                       text61       000000
__Ltext62                                       text62       000000
__Ltext63                                       text63       000000
__Ltext64                                       text64       000000
__Ltext65                                       text65       000000
__Ltext66                                       text66       000000
__Ltext67                                       text67       000000
__Ltext68                                       text68       000000
__Ltext69                                       text69       000000
__Ltext7                                        text7        000000
__Ltext70                                       text70       000000
__Ltext71                                       text71       000000
__Ltext72                                       text72       000000
__Ltext73                                       text73       000000
__Ltext74                                       text74       000000
__Ltext75                                       text75       000000
__Ltext76                                       text76       000000
__Ltext77                                       text77       000000
__Ltext78                                       text78       000000
__Ltext79                                       text79       000000
__Ltext8                                        text8        000000
__Ltext80                                       text80       000000
__Ltext81                                       text81       000000
__Ltext82                                       text82       000000
__Ltext9                                        text9        000000
__S0                                            (abs)        010000
__S1                                            (abs)        00016D
__S4                                            (abs)        000000
__S5                                            (abs)        000000
___fladd                                        text19       000AE4
___fladd@a                                      cstackCOMRAM 000037
___fladd@aexp                                   cstackCOMRAM 000040
___fladd@b                                      cstackCOMRAM 000033
___fladd@bexp                                   cstackCOMRAM 000041
___fladd@grs                                    cstackCOMRAM 000042
___fladd@signs                                  cstackCOMRAM 00003F
___fldiv                                        text18       0013AA
___fldiv@a                                      cstackCOMRAM 00001E
___fldiv@aexp                                   cstackCOMRAM 000032
___fldiv@b                                      cstackCOMRAM 00001A
___fldiv@bexp                                   cstackCOMRAM 000031
___fldiv@grs                                    cstackCOMRAM 00002D
___fldiv@new_exp                                cstackCOMRAM 00002B
___fldiv@rem                                    cstackCOMRAM 000026
___fldiv@sign                                   cstackCOMRAM 00002A
___fltol                                        text17       0022AC
___fltol@exp1                                   cstackCOMRAM 00004C
___fltol@f1                                     cstackCOMRAM 000043
___fltol@sign1                                  cstackCOMRAM 00004B
___heap_hi                                      (abs)        000000
___heap_lo                                      (abs)        000000
___inthi_sp                                     stack        000000
___intlo_sp                                     stack        000000
___param_bank                                   (abs)        000000
___rparam_used                                  (abs)        000001
___sp                                           stack        000000
___xxtofl                                       text16       001744
___xxtofl@arg                                   cstackCOMRAM 000016
___xxtofl@exp                                   cstackCOMRAM 000015
___xxtofl@sign                                  cstackCOMRAM 000014
___xxtofl@val                                   cstackCOMRAM 00000C
__accesstop                                     (abs)        000080
__activetblptr                                  (abs)        000003
__end_of_ADC_ISR                                text81       003B38
__end_of_CCP1_DefaultInterruptHandler           text78       0030D4
__end_of_CCP1_ISR                               text77       0038EE
__end_of_CCP1_SET_Duty                          text48       003A02
__end_of_CCP2_DefaultInterruptHandler           text76       003054
__end_of_CCP2_ISR                               text75       0038BE
__end_of_CCP2_SET_Duty                          text35       003978
__end_of_CCP_Capture_Mode_Config                text45       001CEE
__end_of_CCP_Compare_Mode_Config                text44       001A60
__end_of_CCP_Compare_Mode_Set_Value             text47       003492
__end_of_CCP_Init                               text40       002910
__end_of_CCP_Interrupt_Config                   text43       0037C6
__end_of_CCP_Mode_Timer_Select                  text46       003574
__end_of_Check_Password                         text49       00219C
__end_of_Door1_Open                             text36       0039A6
__end_of_Door2_Open                             text31       00391C
__end_of_EEPROM_24C02C_Write_Byte               text27       0029C4
__end_of_EUSART_ASYNC_Init                      text14       003750
__end_of_EUSART_ASYNC_RX_Init                   text21       0024AE
__end_of_EUSART_ASYNC_TX_Init                   text20       002842
__end_of_EUSART_Baud_Rate_Calculation           text15       000AE4
__end_of_EUSART_Rx_ISR                          text74       003B3E
__end_of_EUSART_Tx_ISR                          text73       003B34
__end_of_I2C_Obj_CFG                            text13       003ADC
__end_of_INT0_ISR                               text72       003B30
__end_of_INT1_ISR                               text71       003B2C
__end_of_INT2_ISR                               text70       003B28
__end_of_InterruptManagerHigh                   intcode_body 0013AA
__end_of_MSSP_I2C_BC_ISR                        text69       003B3C
__end_of_MSSP_I2C_ISR                           text68       003B3A
__end_of_MSSP_I2C_Init                          text10       001BAE
__end_of_MSSP_I2C_MODE_GPIO_CFG                 text12       003B24
__end_of_MSSP_I2C_Master_Mode_Clock_CFG         text11       002D0C
__end_of_MSSP_I2C_Master_Read_Blocking          text25       003338
__end_of_MSSP_I2C_Master_Send_Repeated_Start    text24       00388E
__end_of_MSSP_I2C_Master_Send_Start             text30       00385E
__end_of_MSSP_I2C_Master_Send_Stop              text29       00382C
__end_of_MSSP_I2C_Master_Write_Blocking         text28       0035E0
__end_of_Print_RealTimeClockDS1307              text26       0025A2
__end_of_RB4_ISR                                text67       003AB4
__end_of_RB5_ISR                                text66       003A9A
__end_of_RB6_ISR                                text65       003A80
__end_of_RB7_ISR                                text64       003A66
__end_of_Read_Password                          text50       00268C
__end_of_Read_RealTimeClockDS1307               text23       00276E
__end_of_RealTimeClockDS1307_Get_Date_Time      text22       003706
__end_of_TMR0_ISR                               text63       003B06
__end_of_TMR1_ISR                               text62       003AF8
__end_of_TMR2_ISR                               text61       003B18
__end_of_TMR3_ISR                               text60       003AEA
__end_of_Timer1_Init                            text38       002C6E
__end_of_Timer1_Mode_Select                     text39       0031D0
__end_of_Timer3_Init                            text33       002BCA
__end_of_Timer3_Mode_Select                     text34       003152
__end_of_Timer3_Write_value                     text80       003A4C
__end_of___fladd                                text19       000FA4
__end_of___fldiv                                text18       001744
__end_of___fltol                                text17       0023B2
__end_of___xxtofl                               text16       0018F8
__end_of__initialization                        cinit        002F4A
__end_of_application_intialize                  text3        003B1E
__end_of_btn_value                              mediumconst  00FEC3
__end_of_ecu_layer_intialize                    text4        0036B6
__end_of_gpio_pin_direction_intialize           text42       001E2A
__end_of_gpio_pin_intialize                     text41       00364C
__end_of_gpio_pin_read_logic                    text58       002B26
__end_of_gpio_pin_write_logic                   text57       00207A
__end_of_keypad_get_value                       text56       0022AC
__end_of_keypad_initialize                      text9        002FD4
__end_of_lcd_8bit_initialize                    text8        001F56
__end_of_lcd_8bit_send_char_data                text54       002EC6
__end_of_lcd_8bit_send_command                  text53       002E36
__end_of_lcd_8bit_send_enable_signal            text55       0037FA
__end_of_lcd_8bit_send_string_pos               text51       002A76
__end_of_lcd_8bit_set_cursor                    text52       002DA6
__end_of_led_initialize                         text7        003420
__end_of_led_turn_on                            text2        0032C0
__end_of_main                                   text0        0005F4
__end_of_relay_initialize                       text6        0033AC
__end_of_relay_turn_on                          text1        003248
__end_of_timer1_timer_init                      text37       0039D4
__end_of_timer3_timer_init                      text32       00394A
__end_of_usart_model_init                       text5        00378C
__end_ofi2_CCP_Compare_Mode_Set_Value           text79       003504
__initialization                                cinit        002EC6
__mediumconst                                   mediumconst  00FEB2
__pbssBANK0                                     bssBANK0     000080
__pbssBANK1                                     bssBANK1     000100
__pbssCOMRAM                                    bssCOMRAM    000054
__pcinit                                        cinit        002EC6
__pcstackBANK1                                  cstackBANK1  000161
__pcstackCOMRAM                                 cstackCOMRAM 000001
__pdataBANK0                                    dataBANK0    0000EB
__pdataBANK1                                    dataBANK1    00013A
__pdataCOMRAM                                   dataCOMRAM   00006B
__pidataBANK0                                   idataBANK0   003AB4
__pidataBANK1                                   idataBANK1   003A02
__pidataCOMRAM                                  idataCOMRAM  003B06
__pintcode                                      intcode      000008
__pintcode_body                                 intcode_body 000FA4
__pmediumconst                                  mediumconst  00FEB2
__ptext0                                        text0        000012
__ptext1                                        text1        0031D0
__ptext10                                       text10       001A60
__ptext11                                       text11       002C6E
__ptext12                                       text12       003B1E
__ptext13                                       text13       003AC8
__ptext14                                       text14       003706
__ptext15                                       text15       0005F4
__ptext16                                       text16       001744
__ptext17                                       text17       0022AC
__ptext18                                       text18       0013AA
__ptext19                                       text19       000AE4
__ptext2                                        text2        003248
__ptext20                                       text20       00276E
__ptext21                                       text21       0023B2
__ptext22                                       text22       0036B6
__ptext23                                       text23       00268C
__ptext24                                       text24       00385E
__ptext25                                       text25       0032C0
__ptext26                                       text26       0024AE
__ptext27                                       text27       002910
__ptext28                                       text28       003574
__ptext29                                       text29       0037FA
__ptext3                                        text3        003B18
__ptext30                                       text30       00382C
__ptext31                                       text31       0038EE
__ptext32                                       text32       00391C
__ptext33                                       text33       002B26
__ptext34                                       text34       0030D4
__ptext35                                       text35       00394A
__ptext36                                       text36       003978
__ptext37                                       text37       0039A6
__ptext38                                       text38       002BCA
__ptext39                                       text39       003152
__ptext4                                        text4        00364C
__ptext40                                       text40       002842
__ptext41                                       text41       0035E0
__ptext42                                       text42       001CEE
__ptext43                                       text43       00378C
__ptext44                                       text44       0018F8
__ptext45                                       text45       001BAE
__ptext46                                       text46       003504
__ptext47                                       text47       003420
__ptext48                                       text48       0039D4
__ptext49                                       text49       00207A
__ptext5                                        text5        003750
__ptext50                                       text50       0025A2
__ptext51                                       text51       0029C4
__ptext52                                       text52       002D0C
__ptext53                                       text53       002DA6
__ptext54                                       text54       002E36
__ptext55                                       text55       0037C6
__ptext56                                       text56       00219C
__ptext57                                       text57       001F56
__ptext58                                       text58       002A76
__ptext6                                        text6        003338
__ptext60                                       text60       003ADC
__ptext61                                       text61       003B10
__ptext62                                       text62       003AEA
__ptext63                                       text63       003AF8
__ptext64                                       text64       003A4C
__ptext65                                       text65       003A66
__ptext66                                       text66       003A80
__ptext67                                       text67       003A9A
__ptext68                                       text68       003B38
__ptext69                                       text69       003B3A
__ptext7                                        text7        0033AC
__ptext70                                       text70       003B24
__ptext71                                       text71       003B28
__ptext72                                       text72       003B2C
__ptext73                                       text73       003B30
__ptext74                                       text74       003B3C
__ptext75                                       text75       00388E
__ptext76                                       text76       002FD4
__ptext77                                       text77       0038BE
__ptext78                                       text78       003054
__ptext79                                       text79       003492
__ptext8                                        text8        001E2A
__ptext80                                       text80       003A2A
__ptext81                                       text81       003B34
__ptext82                                       text82       000000
__ptext9                                        text9        002F54
__ramtop                                        ramtop       001000
__smallconst                                    smallconst   000000
_application_intialize                          text3        003B18
_btn_value                                      mediumconst  00FEB3
_ccp1_obj                                       bssBANK1     00012F
_ccp2_obj                                       bssBANK1     000124
_check                                          bssCOMRAM    000058
_check2                                         bssCOMRAM    000057
_check3                                         bssCOMRAM    000056
_check4                                         bssCOMRAM    000055
_check4@RealTimeClockDS1307$F654                bssCOMRAM    000060
_check5                                         bssBANK0     0000BA
_compare2_flag                                  bssCOMRAM    00005B
_compare_flag                                   bssCOMRAM    00005C
_ecu_layer_intialize                            text4        00364C
_gpio_pin_direction_intialize                   text42       001CEE
_gpio_pin_intialize                             text41       0035E0
_gpio_pin_read_logic                            text58       002A76
_gpio_pin_write_logic                           text57       001F56
_i                                              bssCOMRAM    000059
_i2c_obj                                        bssCOMRAM    000065
_keypad1                                        dataBANK1    000159
_keypad_get_value                               text56       00219C
_keypad_initialize                              text9        002F54
_keypadvalue                                    bssCOMRAM    00006A
_lat_registers                                  dataBANK0    0000EB
_lcd_1                                          dataBANK1    00014E
_lcd_2                                          dataBANK0    0000F5
_lcd_8bit_initialize                            text8        001E2A
_lcd_8bit_send_char_data                        text54       002E36
_lcd_8bit_send_command                          text53       002DA6
_lcd_8bit_send_enable_signal                    text55       0037C6
_lcd_8bit_send_string_pos                       text51       0029C4
_lcd_8bit_set_cursor                            text52       002D0C
_led1                                           dataCOMRAM   000071
_led2                                           dataCOMRAM   000070
_led_initialize                                 text7        0033AC
_led_turn_on                                    text2        003248
_main                                           text0        000012
_password_check                                 bssCOMRAM    000054
_port_registers                                 dataBANK1    00013A
_relay1                                         dataCOMRAM   000073
_relay2                                         dataCOMRAM   000072
_relay_initialize                               text6        003338
_relay_turn_on                                  text1        0031D0
_ret                                            dataCOMRAM   00006F
_timer0_preload                                 bssBANK0     000098
_timer1_obj                                     bssBANK0     0000DD
_timer1_preload                                 bssBANK0     000094
_timer1_timer_init                              text37       0039A6
_timer2_preload                                 bssCOMRAM    00005A
_timer3_preload                                 bssBANK0     00008E
_timer3_timer_init                              text32       00391C
_timer_obj                                      bssBANK0     0000E4
_tris_registers                                 dataBANK1    000144
_usart_model_init                               text5        003750
_usart_obj                                      bssBANK0     0000BB
btemp                                           temp         000074
end_of_initialization                           cinit        002F4A
gpio_pin_direction_intialize@_pin_config        cstackCOMRAM 00000C
gpio_pin_intialize@_pin_config                  cstackCOMRAM 000015
gpio_pin_intialize@ret                          cstackCOMRAM 000018
gpio_pin_read_logic@_pin_config                 cstackCOMRAM 00000C
gpio_pin_read_logic@logic                       cstackCOMRAM 00000E
gpio_pin_write_logic@_pin_config                cstackCOMRAM 00000C
gpio_pin_write_logic@logic                      cstackCOMRAM 00000E
i2CCP_Compare_Mode_Set_Value@_ccp_obj           cstackCOMRAM 000001
i2CCP_Compare_Mode_Set_Value@capture_temp_value cstackCOMRAM 000006
i2CCP_Compare_Mode_Set_Value@compare_value      cstackCOMRAM 000003
i2_CCP_Compare_Mode_Set_Value                   text79       003492
int$flags                                       temp         000074
int_func                                        intcode_body 000FA4
intlevel0                                       text         000000
intlevel1                                       text         000000
intlevel2                                       text         000000
intlevel3                                       text         000000
isa$std                                         (abs)        000001
isa$xinst                                       (abs)        000000
keypad_get_value@_keypad_obj                    cstackCOMRAM 000015
keypad_get_value@coulmn_logic                   cstackCOMRAM 00001C
keypad_get_value@l_coulmns_counter              cstackCOMRAM 00001F
keypad_get_value@l_counter                      cstackCOMRAM 00001D
keypad_get_value@l_rows_counter                 cstackCOMRAM 00001E
keypad_get_value@ret                            cstackCOMRAM 00001B
keypad_get_value@value                          cstackCOMRAM 000017
keypad_initialize@_keypad_obj                   cstackCOMRAM 000019
keypad_initialize@coulmns_counter               cstackCOMRAM 00001F
keypad_initialize@ret                           cstackCOMRAM 00001D
keypad_initialize@rows_counter                  cstackCOMRAM 00001E
lcd_8bit_initialize@l_data_pins_counter         cstackCOMRAM 000025
lcd_8bit_initialize@lcd                         cstackCOMRAM 000021
lcd_8bit_initialize@ret                         cstackCOMRAM 000026
lcd_8bit_send_char_data@data                    cstackCOMRAM 00001A
lcd_8bit_send_char_data@l_pins_counter          cstackCOMRAM 000020
lcd_8bit_send_char_data@lcd                     cstackCOMRAM 000018
lcd_8bit_send_char_data@ret                     cstackCOMRAM 00001F
lcd_8bit_send_command@command                   cstackCOMRAM 00001A
lcd_8bit_send_command@l_pins_counter            cstackCOMRAM 000020
lcd_8bit_send_command@lcd                       cstackCOMRAM 000018
lcd_8bit_send_command@ret                       cstackCOMRAM 00001F
lcd_8bit_send_enable_signal@lcd                 cstackCOMRAM 000015
lcd_8bit_send_enable_signal@ret                 cstackCOMRAM 000017
lcd_8bit_send_string_pos@column                 cstackCOMRAM 00002A
lcd_8bit_send_string_pos@lcd                    cstackCOMRAM 000027
lcd_8bit_send_string_pos@ret                    cstackCOMRAM 00002D
lcd_8bit_send_string_pos@row                    cstackCOMRAM 000029
lcd_8bit_send_string_pos@str                    cstackCOMRAM 00002B
lcd_8bit_set_cursor@coulmn                      cstackCOMRAM 000024
lcd_8bit_set_cursor@lcd                         cstackCOMRAM 000021
lcd_8bit_set_cursor@row                         cstackCOMRAM 000023
led_initialize@F3048                            bssCOMRAM    000064
led_initialize@led                              cstackCOMRAM 000019
led_initialize@pin_obj                          cstackCOMRAM 00001C
led_toggle@F3063                                bssCOMRAM    000061
led_turn_off@F3058                              bssCOMRAM    000062
led_turn_on@F3053                               bssCOMRAM    000063
led_turn_on@led                                 cstackCOMRAM 000015
led_turn_on@pin_obj                             cstackCOMRAM 000018
main@j                                          cstackBANK1  00016B
relay_initialize@F3042                          bssCOMRAM    00005F
relay_initialize@_relay                         cstackCOMRAM 000019
relay_initialize@pin_obj                        cstackCOMRAM 00001C
relay_turn_off@F3052                            bssCOMRAM    00005D
relay_turn_on@F3047                             bssCOMRAM    00005E
relay_turn_on@_relay                            cstackCOMRAM 000015
relay_turn_on@pin_obj                           cstackCOMRAM 000018
stackhi                                         (abs)        000000
stacklo                                         (abs)        000000
start                                           init         00000E
start_initialization                            cinit        002EC6
ttemp5                                          temp         000075
ttemp6                                          temp         000078
ttemp7                                          temp         00007C
wtemp8                                          temp         000075


MODULE INFORMATION

Module		Function		Class		Link	Load	Size
C:\Program Files\Microchip\xc8\v2.41\pic\sources\c99\common\fltol.c
		___fltol       		CODE           	22AC	0000	262

C:\Program Files\Microchip\xc8\v2.41\pic\sources\c99\common\fltol.c estimated size: 262

C:\Program Files\Microchip\xc8\v2.41\pic\sources\c99\common\xxtofl.c
		___xxtofl      		CODE           	1744	0000	436

C:\Program Files\Microchip\xc8\v2.41\pic\sources\c99\common\xxtofl.c estimated size: 436

C:\Program Files\Microchip\xc8\v2.41\pic\sources\c99\common\sprcadd.c
		___fladd       		CODE           	0AE4	0000	1216

C:\Program Files\Microchip\xc8\v2.41\pic\sources\c99\common\sprcadd.c estimated size: 1216

ECU_Layer/Chr_LCD/ecu_chr_lcd.c
		_lcd_8bit_set_cursor		CODE           	2D0C	0000	154
		_lcd_8bit_send_enable_signal		CODE           	37C6	0000	52
		_lcd_8bit_initialize		CODE           	1E2A	0000	300
		_lcd_8bit_send_command		CODE           	2DA6	0000	144
		_lcd_8bit_send_string_pos		CODE           	29C4	0000	178
		_lcd_8bit_send_char_data		CODE           	2E36	0000	144

ECU_Layer/Chr_LCD/ecu_chr_lcd.c estimated size: 972

MCAL_Layer/I2C/hal_i2c.c
		_MSSP_I2C_ISR  		CODE           	3B38	0000	2
		_MSSP_I2C_Master_Send_Repeated_Start		CODE           	385E	0000	48
		_MSSP_I2C_Init 		CODE           	1A60	0000	334
		_MSSP_I2C_Master_Mode_Clock_CFG		CODE           	2C6E	0000	158
		_MSSP_I2C_Master_Send_Stop		CODE           	37FA	0000	50
		_MSSP_I2C_Master_Send_Start		CODE           	382C	0000	50
		_MSSP_I2C_Master_Read_Blocking		CODE           	32C0	0000	120
		_MSSP_I2C_BC_ISR		CODE           	3B3A	0000	2
		_MSSP_I2C_MODE_GPIO_CFG		CODE           	3B1E	0000	6
		_MSSP_I2C_Master_Write_Blocking		CODE           	3574	0000	108

MCAL_Layer/I2C/hal_i2c.c estimated size: 878

ECU_Layer/EEPROM_24C02C/EEPROM_24C02C.c
		_EEPROM_24C02C_Write_Byte		CODE           	2910	0000	180

ECU_Layer/EEPROM_24C02C/EEPROM_24C02C.c estimated size: 180

ECU_Layer/Keypad/ecu_keypad.c
		_keypad_get_value		CODE           	219C	0000	272
		_keypad_initialize		CODE           	2F54	0000	128

ECU_Layer/Keypad/ecu_keypad.c estimated size: 400

shared
		i2_CCP_Compare_Mode_Set_Value		CODE           	3492	0000	114
		_btn_value     		MEDIUMCONST    	FEB3	0000	16
		__initialization		CODE           	2EC6	0000	132

shared estimated size: 262

MCAL_Layer/Interrupt/mcal_external_interrupt.c
		_RB4_ISR       		CODE           	3A9A	0000	26
		_RB5_ISR       		CODE           	3A80	0000	26
		_RB6_ISR       		CODE           	3A66	0000	26
		_RB7_ISR       		CODE           	3A4C	0000	26
		_INT0_ISR      		CODE           	3B2C	0000	4
		_INT1_ISR      		CODE           	3B28	0000	4
		_INT2_ISR      		CODE           	3B24	0000	4

MCAL_Layer/Interrupt/mcal_external_interrupt.c estimated size: 116

MCAL_Layer/ADC/hal_adc.c
		_ADC_ISR       		CODE           	3B34	0000	4

MCAL_Layer/ADC/hal_adc.c estimated size: 4

MCAL_Layer/Interrupt/mcal_interrupt_manager.c
		_InterruptManagerHigh		CODE           	0008	0000	1036

MCAL_Layer/Interrupt/mcal_interrupt_manager.c estimated size: 1036

MCAL_Layer/USART/hal_usart.c
		_EUSART_Rx_ISR 		CODE           	3B3C	0000	2
		_EUSART_Tx_ISR 		CODE           	3B30	0000	4
		_EUSART_ASYNC_Init		CODE           	3706	0000	74
		_EUSART_ASYNC_RX_Init		CODE           	23B2	0000	252
		_EUSART_ASYNC_TX_Init		CODE           	276E	0000	212
		_EUSART_Baud_Rate_Calculation		CODE           	05F4	0000	1264

MCAL_Layer/USART/hal_usart.c estimated size: 1808

MCAL_Layer/GPIO/hal_gpio.c
		_gpio_pin_write_logic		CODE           	1F56	0000	292
		_gpio_pin_intialize		CODE           	35E0	0000	108
		_gpio_pin_read_logic		CODE           	2A76	0000	176
		_gpio_pin_direction_intialize		CODE           	1CEE	0000	316

MCAL_Layer/GPIO/hal_gpio.c estimated size: 892

ECU_Layer/LED/ecu_led.c
		_led_initialize		CODE           	33AC	0000	116
		_led_turn_on   		CODE           	3248	0000	120

ECU_Layer/LED/ecu_led.c estimated size: 236

ECU_Layer/ecu_layer_init.c
		_CCP1_DefaultInterruptHandler		CODE           	3054	0000	128
		_timer1_timer_init		CODE           	39A6	0000	46
		_CCP2_DefaultInterruptHandler		CODE           	2FD4	0000	128
		_I2C_Obj_CFG   		CODE           	3AC8	0000	20
		_Door1_Open    		CODE           	3978	0000	46
		_CCP1_SET_Duty 		CODE           	39D4	0000	46
		_Door2_Open    		CODE           	38EE	0000	46
		_CCP2_SET_Duty 		CODE           	394A	0000	46
		_usart_model_init		CODE           	3750	0000	60
		_timer3_timer_init		CODE           	391C	0000	46
		_ecu_layer_intialize		CODE           	364C	0000	106

ECU_Layer/ecu_layer_init.c estimated size: 718

ECU_Layer/Relay/ecu_relay.c
		_relay_initialize		CODE           	3338	0000	116
		_relay_turn_on 		CODE           	31D0	0000	120

ECU_Layer/Relay/ecu_relay.c estimated size: 236

MCAL_Layer/CCP1/hal_ccp1.c
		_CCP_Capture_Mode_Config		CODE           	1BAE	0000	320
		_CCP_Mode_Timer_Select		CODE           	3504	0000	112
		_CCP_Compare_Mode_Set_Value		CODE           	3420	0000	114
		_CCP1_ISR      		CODE           	38BE	0000	48
		_CCP_Init      		CODE           	2842	0000	206
		_CCP2_ISR      		CODE           	388E	0000	48
		_CCP_Compare_Mode_Config		CODE           	18F8	0000	360
		_CCP_Interrupt_Config		CODE           	378C	0000	58

MCAL_Layer/CCP1/hal_ccp1.c estimated size: 1266

ECU_Layer/RealTimeClockDS1307/RealTimeClockDS1307.c
		_Print_RealTimeClockDS1307		CODE           	24AE	0000	244
		_Read_RealTimeClockDS1307		CODE           	268C	0000	226
		_RealTimeClockDS1307_Get_Date_Time		CODE           	36B6	0000	80

ECU_Layer/RealTimeClockDS1307/RealTimeClockDS1307.c estimated size: 550

application.c
		_Check_Password		CODE           	207A	0000	290
		_main          		CODE           	0012	0000	1506
		_application_intialize		CODE           	3B18	0000	6
		_Read_Password 		CODE           	25A2	0000	234

application.c estimated size: 2036

MCAL_Layer/Timer3/hal_timer3.c
		_TMR3_ISR      		CODE           	3ADC	0000	14
		_Timer3_Init   		CODE           	2B26	0000	164
		_Timer3_Write_value		CODE           	3A2A	0000	34
		_Timer3_Mode_Select		CODE           	30D4	0000	126

MCAL_Layer/Timer3/hal_timer3.c estimated size: 338

MCAL_Layer/Timer2/hal_timer2.c
		_TMR2_ISR      		CODE           	3B10	0000	8

MCAL_Layer/Timer2/hal_timer2.c estimated size: 8

MCAL_Layer/Timer1/hal_timer1.c
		_Timer1_Mode_Select		CODE           	3152	0000	126
		_Timer1_Init   		CODE           	2BCA	0000	164
		_TMR1_ISR      		CODE           	3AEA	0000	14

MCAL_Layer/Timer1/hal_timer1.c estimated size: 304

MCAL_Layer/Timer0/hal_timer0.c
		_TMR0_ISR      		CODE           	3AF8	0000	14

MCAL_Layer/Timer0/hal_timer0.c estimated size: 14

C:\Program Files\Microchip\xc8\v2.41\pic\sources\c99\common\sprcdiv.c
		___fldiv       		CODE           	13AA	0000	922

C:\Program Files\Microchip\xc8\v2.41\pic\sources\c99\common\sprcdiv.c estimated size: 922

