Microchip MPLAB XC8 Compiler V2.41

Linker command line:

-W-3 \
  --edf=C:/Program Files/Microchip/MPLABX/v6.10/packs/Microchip/PIC18Fxxxx_DFP/1.4.151/xc8\pic\dat\20230323171731_en.msgs \
  -cn -h+dist/default/production\Slave.production.sym \
  --cmf=dist/default/production\Slave.production.cmf -z -Q18F4620 \
  -oC:\Users\Dubai\AppData\Local\Temp\xcBsh3o.1\driver_tmp_3.o \
  --defsym=__MPLAB_BUILD=1 --fixupoverflow=error \
  -Mdist/default/production/Slave.production.map \
  --md=C:\Users\Dubai\AppData\Local\Temp\xcBsh3o.1\driver_tmp_0.dat -E1 \
  -ver=XC8 Compiler --acfsm=1493 -ACODE=00h-0FFFFh -ACONST=00h-0FFFFh \
  -ASMALLCONST=01000h-010FFhx240 -AMEDIUMCONST=01000h-0FFFFh \
  -ACOMRAM=01h-07Fh -AABS1=00h-0F7Fh -ABIGRAM=01h-0F7Fh \
  -ARAM=080h-0FFh,0100h-01FFhx14,0F00h-0F7Fh -ABANK0=080h-0FFh \
  -ABANK1=0100h-01FFh -ABANK2=0200h-02FFh -ABANK3=0300h-03FFh \
  -ABANK4=0400h-04FFh -ABANK5=0500h-05FFh -ABANK6=0600h-06FFh \
  -ABANK7=0700h-07FFh -ABANK8=0800h-08FFh -ABANK9=0900h-09FFh \
  -ABANK10=0A00h-0AFFh -ABANK11=0B00h-0BFFh -ABANK12=0C00h-0CFFh \
  -ABANK13=0D00h-0DFFh -ABANK14=0E00h-0EFFh -ABANK15=0F00h-0F7Fh \
  -ASFR=0F80h-0FFFh -ABIGSFR=0F80h-0FFFh -ACONFIG=0300000h-030000Dh \
  -AIDLOC=0200000h-0200007h -AEEDATA=0F00000h-0F003FFh -peeprom_data=EEDATA \
  -preset_vec=00h,intcode=08h,intcodelo,powerup,init -pramtop=01000h \
  -psmallconst=SMALLCONST -pmediumconst=MEDIUMCONST -pconst=CONST \
  -AFARRAM=00h-00h \
  -prdata=COMRAM,nvrram=COMRAM,nvbit=COMRAM,rbss=COMRAM,rbit=COMRAM \
  -pfarbss=FARRAM,fardata=FARRAM,nvFARRAM=FARRAM \
  -pintsave_regs=BIGRAM,bigbss=BIGRAM,bigdata=BIGRAM -pbss=RAM \
  -pidata=CODE,irdata=CODE,ibigdata=CODE,ifardata=CODE -prparam=COMRAM \
  C:\Users\Dubai\AppData\Local\Temp\xcBsh3o.1\driver_tmp_14.o \
  dist/default/production\Slave.production.o 

Object code version is 3.11

Machine type is 18F4620



                Name                               Link     Load   Length Selector   Space Scale
C:\Users\Dubai\AppData\Local\Temp\xcBsh3o.1\driver_tmp_14.o
                config                           300000   300000        E        0       4
                init                                  E        E        4        4       0
                reset_vec                             0        0        4        0       0
dist/default/production\Slave.production.o
                intcode                               8        8        6        4       0
                config                           300000   300000        E        0       4
                temp                                 73       73        1        1       1
                smallconst                         1000     1000       5E      800       0
                text74                             4A5C     4A5C        4     2501       0
                text73                             4380     4380       72      82F       0
                text72                             4948     4948       22     24A4       0
                text71                             4198     4198       86      82F       0
                text70                             48EC     48EC       30      82F       0
                text69                             4A58     4A58        4     2501       0
                text68                             4A62     4A62        2     2501       0
                text67                             4A54     4A54        4     2501       0
                text66                             4A50     4A50        4     2501       0
                text65                             4A4C     4A4C        4     2501       0
                text64                             4A48     4A48        4     2501       0
                text63                             4A44     4A44        4     2501       0
                text62                             47A2     47A2       3E      82F       0
                text61                             48BC     48BC       30      82F       0
                text60                             49D8     49D8       1A     24A4       0
                text59                             49BE     49BE       1A     24A4       0
                text58                             49A4     49A4       1A     24A4       0
                text57                             498A     498A       1A     24A4       0
                text56                             4A1E     4A1E        E     2501       0
                text55                             4A10     4A10        E     2501       0
                text54                             4A2C     4A2C        8     2501       0
                text53                             4A02     4A02        E     2501       0
                intcode_body                       236A     236A      406      82F       0
                text51                             3B18     3B18       C0      82F       0
                text50                             37DE     37DE       D8      82F       0
                text49                             4852     4852       36      82F       0
                text48                             496A     496A       20     24A4       0
                text47                             430C     430C       74      82F       0
                text46                             458E     458E       4A      82F       0
                text45                             4A3A     4A3A        6     2501       0
                text44                             1A80     1A80      4C0      82F       0
                text43                             2770     2770      39A      82F       0
                text42                             35DC     35DC      106      82F       0
                text41                             2B0A     2B0A      1B4      82F       0
                text40                             3EB2     3EB2       9E      82F       0
                text39                             2FCA     2FCA      15A      82F       0
                text38                             4660     4660       44      82F       0
                text37                             1F40     1F40      42A      82F       0
                text36                             4298     4298       74      82F       0
                text35                             4544     4544       4A      82F       0
                text34                             461C     461C       44      82F       0
                text33                             3C94     3C94       BC      82F       0
                text32                             36E2     36E2       FC      82F       0
                text31                             38B6     38B6       D4      82F       0
                text30                             1592     1592      4EE      82F       0
                text29                             44FA     44FA       4A      82F       0
                text28                             3124     3124      13C      82F       0
                text27                             34B8     34B8      124      82F       0
                text26                             43F2     43F2       6C      82F       0
                text25                             481C     481C       36      82F       0
                text24                             4888     4888       34      82F       0
                text23                             407A     407A       90      82F       0
                text22                             338C     338C      12C      82F       0
                text21                             47E0     47E0       3C      82F       0
                text20                             46A4     46A4       42      82F       0
                text19                             4A34     4A34        6     2501       0
                text18                             2E54     2E54      176      82F       0
                text17                             3A54     3A54       C4      82F       0
                text16                             3E02     3E02       B0      82F       0
                text15                             46E6     46E6       40      82F       0
                text14                             4A60     4A60        2     2501       0
                text13                             398A     398A       CA      82F       0
                text12                             45D8     45D8       44      82F       0
                text11                             421E     421E       7A      82F       0
                text10                             2CBE     2CBE      196      82F       0
                text9                              3260     3260      12C      82F       0
                text8                              445E     445E       50      82F       0
                text7                              44AE     44AE       4C      82F       0
                text6                              3BD8     3BD8       BC      82F       0
                text5                              4764     4764       3E      82F       0
                text4                              4726     4726       3E      82F       0
                text3                              3FEA     3FEA       90      82F       0
                text2                              3F50     3F50       9A      82F       0
                text1                              3D50     3D50       B2      82F       0
                text0                              105E     105E      534      82F       0
                cstackCOMRAM                          1        1       5E        1       1
                cstackBANK1                         191      191        C      100       1
                dataBANK1                           166      166       2B      100       1
                bssBANK1                            100      100       66      100       1
                dataBANK0                            EE       EE        F       80       1
                bssBANK0                             80       80       6E       80       1
                dataCOMRAM                           6D       6D        4        1       1
                bssCOMRAM                            5F       5F        E        1       1
                cinit                              410A     410A       8E      82F       0
                nvCOMRAM                             71       71        2        1       1
                idataBANK1                         491C     491C       2B      82F       0
                idataBANK0                         49F2     49F2        F     24A4       0
                idataCOMRAM                        4A40     4A40        4     2501       0

TOTAL           Name                               Link     Load   Length     Space
        CLASS   CODE           
                intcode                               8        8        6         0
                init                                  E        E        4         0
                reset_vec                             0        0        4         0
                text74                             4A5C     4A5C        4         0
                text73                             4380     4380       72         0
                text72                             4948     4948       22         0
                text71                             4198     4198       86         0
                text70                             48EC     48EC       30         0
                text69                             4A58     4A58        4         0
                text68                             4A62     4A62        2         0
                text67                             4A54     4A54        4         0
                text66                             4A50     4A50        4         0
                text65                             4A4C     4A4C        4         0
                text64                             4A48     4A48        4         0
                text63                             4A44     4A44        4         0
                text62                             47A2     47A2       3E         0
                text61                             48BC     48BC       30         0
                text60                             49D8     49D8       1A         0
                text59                             49BE     49BE       1A         0
                text58                             49A4     49A4       1A         0
                text57                             498A     498A       1A         0
                text56                             4A1E     4A1E        E         0
                text55                             4A10     4A10        E         0
                text54                             4A2C     4A2C        8         0
                text53                             4A02     4A02        E         0
                intcode_body                       236A     236A      406         0
                text51                             3B18     3B18       C0         0
                text50                             37DE     37DE       D8         0
                text49                             4852     4852       36         0
                text48                             496A     496A       20         0
                text47                             430C     430C       74         0
                text46                             458E     458E       4A         0
                text45                             4A3A     4A3A        6         0
                text44                             1A80     1A80      4C0         0
                text43                             2770     2770      39A         0
                text42                             35DC     35DC      106         0
                text41                             2B0A     2B0A      1B4         0
                text40                             3EB2     3EB2       9E         0
                text39                             2FCA     2FCA      15A         0
                text38                             4660     4660       44         0
                text37                             1F40     1F40      42A         0
                text36                             4298     4298       74         0
                text35                             4544     4544       4A         0
                text34                             461C     461C       44         0
                text33                             3C94     3C94       BC         0
                text32                             36E2     36E2       FC         0
                text31                             38B6     38B6       D4         0
                text30                             1592     1592      4EE         0
                text29                             44FA     44FA       4A         0
                text28                             3124     3124      13C         0
                text27                             34B8     34B8      124         0
                text26                             43F2     43F2       6C         0
                text25                             481C     481C       36         0
                text24                             4888     4888       34         0
                text23                             407A     407A       90         0
                text22                             338C     338C      12C         0
                text21                             47E0     47E0       3C         0
                text20                             46A4     46A4       42         0
                text19                             4A34     4A34        6         0
                text18                             2E54     2E54      176         0
                text17                             3A54     3A54       C4         0
                text16                             3E02     3E02       B0         0
                text15                             46E6     46E6       40         0
                text14                             4A60     4A60        2         0
                text13                             398A     398A       CA         0
                text12                             45D8     45D8       44         0
                text11                             421E     421E       7A         0
                text10                             2CBE     2CBE      196         0
                text9                              3260     3260      12C         0
                text8                              445E     445E       50         0
                text7                              44AE     44AE       4C         0
                text6                              3BD8     3BD8       BC         0
                text5                              4764     4764       3E         0
                text4                              4726     4726       3E         0
                text3                              3FEA     3FEA       90         0
                text2                              3F50     3F50       9A         0
                text1                              3D50     3D50       B2         0
                text0                              105E     105E      534         0
                cinit                              410A     410A       8E         0
                idataBANK1                         491C     491C       2B         0
                idataBANK0                         49F2     49F2        F         0
                idataCOMRAM                        4A40     4A40        4         0

        CLASS   CONST          

        CLASS   SMALLCONST     
                smallconst                         1000     1000       5E         0

        CLASS   MEDIUMCONST    

        CLASS   COMRAM         
                temp                                 73       73        1         1
                cstackCOMRAM                          1        1       5E         1
                dataCOMRAM                           6D       6D        4         1
                bssCOMRAM                            5F       5F        E         1
                nvCOMRAM                             71       71        2         1

        CLASS   ABS1           

        CLASS   BIGRAM         

        CLASS   RAM            

        CLASS   BANK0          
                dataBANK0                            EE       EE        F         1
                bssBANK0                             80       80       6E         1

        CLASS   BANK1          
                cstackBANK1                         191      191        C         1
                dataBANK1                           166      166       2B         1
                bssBANK1                            100      100       66         1

        CLASS   BANK2          

        CLASS   BANK3          

        CLASS   BANK4          

        CLASS   BANK5          

        CLASS   BANK6          

        CLASS   BANK7          

        CLASS   BANK8          

        CLASS   BANK9          

        CLASS   BANK10         

        CLASS   BANK11         

        CLASS   BANK12         

        CLASS   BANK13         

        CLASS   BANK14         

        CLASS   BANK15         

        CLASS   SFR            

        CLASS   BIGSFR         

        CLASS   CONFIG         
                config                           300000   300000        E         4

        CLASS   IDLOC          

        CLASS   EEDATA         

        CLASS   FARRAM         

        CLASS   HEAP           

        CLASS   STACK          



SEGMENTS        Name                           Load    Length   Top    Selector   Space  Class

                reset_vec                      000000  000004  000004         0       0  CODE    
                cstackCOMRAM                   000001  000073  000074         1       1  COMRAM  
                intcode                        000008  00000A  000012         4       0  CODE    
                bssBANK0                       000080  00007D  0000FD        80       1  BANK0   
                bssBANK1                       000100  00009D  00019D       100       1  BANK1   
                smallconst                     001000  00005E  00105E       800       0  SMALLCON
                text0                          00105E  0038E9  004947       82F       0  CODE    
                text72                         004948  0000B9  004A01      24A4       0  CODE    
                text53                         004A02  000062  004A64      2501       0  CODE    


UNUSED ADDRESS RANGES

        Name                Unused          Largest block    Delta
        BANK0            0000FD-0000FF                3
        BANK1            00019D-0001FF               63
        BANK10           000A00-000AFF              100
        BANK11           000B00-000BFF              100
        BANK12           000C00-000CFF              100
        BANK13           000D00-000DFF              100
        BANK14           000E00-000EFF              100
        BANK15           000F00-000F7F               80
        BANK2            000200-0002FF              100
        BANK3            000300-0003FF              100
        BANK4            000400-0004FF              100
        BANK5            000500-0005FF              100
        BANK6            000600-0006FF              100
        BANK7            000700-0007FF              100
        BANK8            000800-0008FF              100
        BANK9            000900-0009FF              100
        BIGRAM           000074-00007F                C
                         0000FD-0000FF                3
                         00019D-000F7F              DE3
        BIGSFR           000F80-000FFF               80
        CODE             000004-000007                4
                         000012-000FFF              FEE
                         004947-004947                1
                         004A01-004A01                1
                         004A64-00FFFF             B59C
        COMRAM           000074-00007F                C
        CONST            000004-000007                4
                         000012-000FFF              FEE
                         004947-004947                1
                         004A01-004A01                1
                         004A64-00FFFF             B59C
        EEDATA           F00000-F003FF              400
        IDLOC            200000-200007                8
        MEDIUMCONST      004947-004947                1
                         004A01-004A01                1
                         004A64-00FFFF             B59C
        RAM              0000FD-0000FF                3
                         00019D-000F7F              100
        SFR              000F80-000FFF               80
        SMALLCONST       004947-004947                1
                         004A01-004A01                1
                         004A64-00FFFF              100

                                  Symbol Table

?___awdiv                                     cstackCOMRAM 00000C
?___awmod                                     cstackCOMRAM 00000C
?___fladd                                     cstackCOMRAM 000033
?___fldiv                                     cstackCOMRAM 00001A
?___flmul                                     cstackCOMRAM 00001A
?___fltol                                     cstackCOMRAM 000043
?___lwdiv                                     cstackCOMRAM 00000C
?___xxtofl                                    cstackCOMRAM 00000C
?_abs                                         cstackCOMRAM 000012
?_sprintf                                     cstackCOMRAM 00004A
?_vfprintf                                    cstackCOMRAM 000042
ADC_GetConversionResult@_adc                  cstackCOMRAM 00000C
ADC_GetConversionResult@conversion_result     cstackCOMRAM 00000E
ADC_GetConversion_Blocking@_adc               cstackCOMRAM 000013
ADC_GetConversion_Blocking@channel            cstackCOMRAM 000015
ADC_GetConversion_Blocking@conversion_result  cstackCOMRAM 000016
ADC_GetConversion_Blocking@ret                cstackCOMRAM 000018
ADC_Init@_adc                                 cstackCOMRAM 00000F
ADC_SelectChannel@_adc                        cstackCOMRAM 00000F
ADC_SelectChannel@channel                     cstackCOMRAM 000011
ADC_StartConversion@_adc                      cstackCOMRAM 00000C
CCP_Compare_Mode_Set_Value@F3112              bssBANK0     0000BC
CCP_Compare_Mode_Set_Value@_ccp_obj           cstackCOMRAM 000001
CCP_Compare_Mode_Set_Value@capture_temp_value cstackCOMRAM 000006
CCP_Compare_Mode_Set_Value@compare_value      cstackCOMRAM 000003
EUSART_ASYNC_Init@_eusart                     cstackCOMRAM 000059
EUSART_ASYNC_RX_Init@_eusart                  cstackCOMRAM 00000C
EUSART_ASYNC_TX_Init@_eusart                  cstackCOMRAM 00000C
EUSART_Baud_Rate_Calculation@Baud_Rate_Temp   cstackCOMRAM 000051
EUSART_Baud_Rate_Calculation@_eusart          cstackCOMRAM 00004D
MSSP_I2C_Init@i2c_obj                         cstackCOMRAM 000051
MSSP_I2C_Interrupt_Configuration@i2c_obj      cstackCOMRAM 00000C
MSSP_I2C_Master_Mode_Clock_CFG@i2c_obj        cstackCOMRAM 00004D
RB4_ISR@RB4_source                            cstackCOMRAM 000001
RB5_ISR@RB5_source                            cstackCOMRAM 000001
RB6_ISR@RB6_source                            cstackCOMRAM 000001
RB7_ISR@RB7_source                            cstackCOMRAM 000001
Timer3_Write_value@_timer                     cstackCOMRAM 000001
Timer3_Write_value@_value                     cstackCOMRAM 000003
_ADCON0bits                                   (abs)        000FC2
_ADCON1bits                                   (abs)        000FC1
_ADCON2bits                                   (abs)        000FC0
_ADC_GetConversionResult                      text51       003B18
_ADC_GetConversion_Blocking                   text47       00430C
_ADC_ISR                                      text74       004A5C
_ADC_Init                                     text33       003C94
_ADC_Interrupt_Handler                        bssBANK0     0000C2
_ADC_Req                                      bssBANK0     0000C9
_ADC_SelectChannel                            text49       004852
_ADC_StartConversion                          text48       00496A
_ADRESH                                       (abs)        000FC4
_ADRESL                                       (abs)        000FC3
_BAUDCONbits                                  (abs)        000FB8
_CCP1CONbits                                  (abs)        000FBD
_CCP1_DefaultInterruptHandler                 text71       004198
_CCP1_ISR                                     text70       0048EC
_CCP1_Interrupt_Handler                       bssBANK0     0000C0
_CCP2CONbits                                  (abs)        000FBA
_CCP2_ISR                                     text69       004A58
_CCP2_Interrupt_Handler                       bssBANK0     0000BE
_CCPR1H                                       (abs)        000FBF
_CCPR1L                                       (abs)        000FBE
_CCPR2H                                       (abs)        000FBC
_CCPR2L                                       (abs)        000FBB
_CCP_Compare_Mode_Set_Value                   text73       004380
_EEADR                                        (abs)        000FA9
_EEADRH                                       (abs)        000FAA
_EECON1bits                                   (abs)        000FA6
_EECON2                                       (abs)        000FA7
_EEDATA                                       (abs)        000FA8
_EUSART_ASYNC_Init                            text29       0044FA
_EUSART_ASYNC_RX_Init                         text32       0036E2
_EUSART_ASYNC_TX_Init                         text31       0038B6
_EUSART_Baud_Rate_Calculation                 text30       001592
_EUSART_Baud_Rate_Calculation$5785            cstackCOMRAM 000055
_EUSART_FramingErrorHandler                   bssBANK0     00008C
_EUSART_OverrunErrorHandler                   bssBANK0     00008A
_EUSART_RxInterruptHandler                    bssBANK0     00008E
_EUSART_Rx_ISR                                text68       004A62
_EUSART_TxInterruptHandler                    bssBANK0     000090
_EUSART_Tx_ISR                                text67       004A54
_I2C_DefaultInterruptHandler                  bssBANK0     0000B8
_I2C_Obj_CFG                                  text38       004660
_I2C_Report_Receive_Overflow_InterruptHandler bssBANK0     0000B6
_I2C_Report_Write_Collision_InterruptHandler  bssBANK0     0000BA
_INT0_ISR                                     text66       004A50
_INT0_InterruptHandler                        bssBANK0     0000B4
_INT1_ISR                                     text65       004A4C
_INT1_InterruptHandler                        bssBANK0     0000B2
_INT2_ISR                                     text64       004A48
_INT2_InterruptHandler                        bssBANK0     0000B0
_INTCON2bits                                  (abs)        000FF1
_INTCON3bits                                  (abs)        000FF0
_INTCONbits                                   (abs)        000FF2
_InterruptManagerHigh                         intcode      000008
_LATA                                         (abs)        000F89
_LATB                                         (abs)        000F8A
_LATC                                         (abs)        000F8B
_LATD                                         (abs)        000F8C
_LATE                                         (abs)        000F8D
_MSSP_I2C_BC_ISR                              text63       004A44
_MSSP_I2C_DefaultInterruptHandler             text62       0047A2
_MSSP_I2C_ISR                                 text61       0048BC
_MSSP_I2C_Init                                text39       002FCA
_MSSP_I2C_Interrupt_Configuration             text46       00458E
_MSSP_I2C_MODE_GPIO_CFG                       text45       004A3A
_MSSP_I2C_Master_Mode_Clock_CFG               text40       003EB2
_PIE1bits                                     (abs)        000F9D
_PIE2bits                                     (abs)        000FA0
_PIR1bits                                     (abs)        000F9E
_PIR2bits                                     (abs)        000FA1
_PORTA                                        (abs)        000F80
_PORTB                                        (abs)        000F81
_PORTBbits                                    (abs)        000F81
_PORTC                                        (abs)        000F82
_PORTD                                        (abs)        000F83
_PORTE                                        (abs)        000F84
_RB4_Flag                                     dataCOMRAM   000070
_RB4_ISR                                      text60       0049D8
_RB4_InterruptHandler_HIGH                    bssBANK0     0000AE
_RB4_InterruptHandler_LOW                     bssBANK0     0000AC
_RB5_Flag                                     dataCOMRAM   00006F
_RB5_ISR                                      text59       0049BE
_RB5_InterruptHandler_HIGH                    bssBANK0     0000AA
_RB5_InterruptHandler_LOW                     bssBANK0     0000A8
_RB6_Flag                                     dataCOMRAM   00006E
_RB6_ISR                                      text58       0049A4
_RB6_InterruptHandler_HIGH                    bssBANK0     0000A6
_RB6_InterruptHandler_LOW                     bssBANK0     0000A4
_RB7_Flag                                     dataCOMRAM   00006D
_RB7_ISR                                      text57       00498A
_RB7_InterruptHandler_HIGH                    bssBANK0     0000A2
_RB7_InterruptHandler_LOW                     bssBANK0     0000A0
_RCREG                                        (abs)        000FAE
_RCSTAbits                                    (abs)        000FAB
_RealTimeClockDS1307                          bssBANK0     000080
_RealTimeClockDS1307_Data                     bssBANK1     000156
_RealTimeClockDS1307_Str_Data                 bssBANK1     00010B
_RealTimeClockDS1307_Time                     bssBANK1     00014D
_SPBRG                                        (abs)        000FAF
_SPBRGH                                       (abs)        000FB0
_SSPADD                                       (abs)        000FC8
_SSPBUF                                       (abs)        000FC9
_SSPCON1bits                                  (abs)        000FC6
_SSPCON2bits                                  (abs)        000FC5
_SSPSTATbits                                  (abs)        000FC7
_T0CONbits                                    (abs)        000FD5
_T1CONbits                                    (abs)        000FCD
_T2CONbits                                    (abs)        000FCA
_T3CONbits                                    (abs)        000FB1
_TMR0H                                        (abs)        000FD7
_TMR0L                                        (abs)        000FD6
_TMR0_ISR                                     text56       004A1E
_TMR0_Interrupt_Handler                       bssBANK0     00009E
_TMR1H                                        (abs)        000FCF
_TMR1L                                        (abs)        000FCE
_TMR1_ISR                                     text55       004A10
_TMR1_Interrupt_Handler                       bssBANK0     00009A
_TMR2                                         (abs)        000FCC
_TMR2_ISR                                     text54       004A2C
_TMR2_Interrupt_Handler                       bssBANK0     000096
_TMR3H                                        (abs)        000FB3
_TMR3L                                        (abs)        000FB2
_TMR3_ISR                                     text53       004A02
_TMR3_Interrupt_Handler                       bssBANK0     000094
_TRISA                                        (abs)        000F92
_TRISB                                        (abs)        000F93
_TRISC                                        (abs)        000F94
_TRISCbits                                    (abs)        000F94
_TRISD                                        (abs)        000F95
_TRISE                                        (abs)        000F96
_TXREG                                        (abs)        000FAD
_TXSTAbits                                    (abs)        000FAC
_Timer3_Write_value                           text72       004948
__HRAM                                        (abs)        000000
__H__absolute__                               __absolute__ 000000
__Habs1                                       abs1         000000
__Hbank0                                      bank0        000000
__Hbank1                                      bank1        000000
__Hbank10                                     bank10       000000
__Hbank11                                     bank11       000000
__Hbank12                                     bank12       000000
__Hbank13                                     bank13       000000
__Hbank14                                     bank14       000000
__Hbank15                                     bank15       000000
__Hbank2                                      bank2        000000
__Hbank3                                      bank3        000000
__Hbank4                                      bank4        000000
__Hbank5                                      bank5        000000
__Hbank6                                      bank6        000000
__Hbank7                                      bank7        000000
__Hbank8                                      bank8        000000
__Hbank9                                      bank9        000000
__Hbigbss                                     bigbss       000000
__Hbigdata                                    bigdata      000000
__Hbigram                                     bigram       000000
__Hbigsfr                                     bigsfr       000000
__Hbss                                        bss          000000
__HbssBANK0                                   bssBANK0     000000
__HbssBANK1                                   bssBANK1     000000
__HbssCOMRAM                                  bssCOMRAM    000000
__Hcinit                                      cinit        000000
__Hclrtext                                    clrtext      000000
__Hcomram                                     comram       000000
__Hconfig                                     config       30000E
__Hconst                                      const        000000
__HcstackBANK1                                cstackBANK1  000000
__HcstackCOMRAM                               cstackCOMRAM 000000
__Hdata                                       data         000000
__HdataBANK0                                  dataBANK0    000000
__HdataBANK1                                  dataBANK1    000000
__HdataCOMRAM                                 dataCOMRAM   000000
__Heeprom_data                                eeprom_data  000000
__Hfarbss                                     farbss       000000
__Hfardata                                    fardata      000000
__Hheap                                       heap         000000
__Hibigdata                                   ibigdata     000000
__Hidata                                      idata        000000
__HidataBANK0                                 idataBANK0   000000
__HidataBANK1                                 idataBANK1   000000
__HidataCOMRAM                                idataCOMRAM  000000
__Hidloc                                      idloc        000000
__Hifardata                                   ifardata     000000
__Hinit                                       init         000012
__Hintcode                                    intcode      00000E
__Hintcode_body                               intcode_body 000000
__Hintcodelo                                  intcodelo    00000E
__Hintentry                                   intentry     000000
__Hintret                                     intret       000000
__Hintsave_regs                               intsave_regs 000000
__Hirdata                                     irdata       000000
__Hmediumconst                                mediumconst  000000
__HnvCOMRAM                                   nvCOMRAM     000000
__HnvFARRAM                                   nvFARRAM     000000
__Hnvbit                                      nvbit        000000
__Hnvrram                                     nvrram       000000
__Hparam                                      rparam       000000
__Hpowerup                                    powerup      00000E
__Hram                                        ram          000000
__Hramtop                                     ramtop       001000
__Hrbit                                       rbit         000000
__Hrbss                                       rbss         000000
__Hrdata                                      rdata        000000
__Hreset_vec                                  reset_vec    000004
__Hrparam                                     rparam       000000
__Hsfr                                        sfr          000000
__Hsmallconst                                 smallconst   00105E
__Hspace_0                                    (abs)        004A64
__Hspace_1                                    (abs)        00019D
__Hspace_2                                    (abs)        000000
__Hspace_4                                    (abs)        60000E
__Hstack                                      stack        000000
__Hstruct                                     struct       000000
__Htemp                                       temp         000074
__Htext                                       text         000000
__Htext0                                      text0        000000
__Htext1                                      text1        000000
__Htext10                                     text10       000000
__Htext11                                     text11       000000
__Htext12                                     text12       000000
__Htext13                                     text13       000000
__Htext14                                     text14       000000
__Htext15                                     text15       000000
__Htext16                                     text16       000000
__Htext17                                     text17       000000
__Htext18                                     text18       000000
__Htext19                                     text19       000000
__Htext2                                      text2        000000
__Htext20                                     text20       000000
__Htext21                                     text21       000000
__Htext22                                     text22       000000
__Htext23                                     text23       000000
__Htext24                                     text24       000000
__Htext25                                     text25       000000
__Htext26                                     text26       000000
__Htext27                                     text27       000000
__Htext28                                     text28       000000
__Htext29                                     text29       000000
__Htext3                                      text3        000000
__Htext30                                     text30       000000
__Htext31                                     text31       000000
__Htext32                                     text32       000000
__Htext33                                     text33       000000
__Htext34                                     text34       000000
__Htext35                                     text35       000000
__Htext36                                     text36       000000
__Htext37                                     text37       000000
__Htext38                                     text38       000000
__Htext39                                     text39       000000
__Htext4                                      text4        000000
__Htext40                                     text40       000000
__Htext41                                     text41       000000
__Htext42                                     text42       000000
__Htext43                                     text43       000000
__Htext44                                     text44       000000
__Htext45                                     text45       000000
__Htext46                                     text46       000000
__Htext47                                     text47       000000
__Htext48                                     text48       000000
__Htext49                                     text49       000000
__Htext5                                      text5        000000
__Htext50                                     text50       000000
__Htext51                                     text51       000000
__Htext53                                     text53       000000
__Htext54                                     text54       000000
__Htext55                                     text55       000000
__Htext56                                     text56       000000
__Htext57                                     text57       000000
__Htext58                                     text58       000000
__Htext59                                     text59       000000
__Htext6                                      text6        000000
__Htext60                                     text60       000000
__Htext61                                     text61       000000
__Htext62                                     text62       000000
__Htext63                                     text63       000000
__Htext64                                     text64       000000
__Htext65                                     text65       000000
__Htext66                                     text66       000000
__Htext67                                     text67       000000
__Htext68                                     text68       000000
__Htext69                                     text69       000000
__Htext7                                      text7        000000
__Htext70                                     text70       000000
__Htext71                                     text71       000000
__Htext72                                     text72       000000
__Htext73                                     text73       000000
__Htext74                                     text74       000000
__Htext75                                     text75       000000
__Htext8                                      text8        000000
__Htext9                                      text9        000000
__LRAM                                        (abs)        000001
__L__absolute__                               __absolute__ 000000
__Labs1                                       abs1         000000
__Lbank0                                      bank0        000000
__Lbank1                                      bank1        000000
__Lbank10                                     bank10       000000
__Lbank11                                     bank11       000000
__Lbank12                                     bank12       000000
__Lbank13                                     bank13       000000
__Lbank14                                     bank14       000000
__Lbank15                                     bank15       000000
__Lbank2                                      bank2        000000
__Lbank3                                      bank3        000000
__Lbank4                                      bank4        000000
__Lbank5                                      bank5        000000
__Lbank6                                      bank6        000000
__Lbank7                                      bank7        000000
__Lbank8                                      bank8        000000
__Lbank9                                      bank9        000000
__Lbigbss                                     bigbss       000000
__Lbigdata                                    bigdata      000000
__Lbigram                                     bigram       000000
__Lbigsfr                                     bigsfr       000000
__Lbss                                        bss          000000
__LbssBANK0                                   bssBANK0     000000
__LbssBANK1                                   bssBANK1     000000
__LbssCOMRAM                                  bssCOMRAM    000000
__Lcinit                                      cinit        000000
__Lclrtext                                    clrtext      000000
__Lcomram                                     comram       000000
__Lconfig                                     config       000000
__Lconst                                      const        000000
__LcstackBANK1                                cstackBANK1  000000
__LcstackCOMRAM                               cstackCOMRAM 000000
__Ldata                                       data         000000
__LdataBANK0                                  dataBANK0    000000
__LdataBANK1                                  dataBANK1    000000
__LdataCOMRAM                                 dataCOMRAM   000000
__Leeprom_data                                eeprom_data  000000
__Lfarbss                                     farbss       000000
__Lfardata                                    fardata      000000
__Lheap                                       heap         000000
__Libigdata                                   ibigdata     000000
__Lidata                                      idata        000000
__LidataBANK0                                 idataBANK0   000000
__LidataBANK1                                 idataBANK1   000000
__LidataCOMRAM                                idataCOMRAM  000000
__Lidloc                                      idloc        000000
__Lifardata                                   ifardata     000000
__Linit                                       init         00000E
__Lintcode                                    intcode      000008
__Lintcode_body                               intcode_body 000000
__Lintcodelo                                  intcodelo    00000E
__Lintentry                                   intentry     000000
__Lintret                                     intret       000000
__Lintsave_regs                               intsave_regs 000000
__Lirdata                                     irdata       000000
__Lmediumconst                                mediumconst  000000
__LnvCOMRAM                                   nvCOMRAM     000000
__LnvFARRAM                                   nvFARRAM     000000
__Lnvbit                                      nvbit        000000
__Lnvrram                                     nvrram       000000
__Lparam                                      rparam       000000
__Lpowerup                                    powerup      00000E
__Lram                                        ram          000000
__Lramtop                                     ramtop       001000
__Lrbit                                       rbit         000000
__Lrbss                                       rbss         000000
__Lrdata                                      rdata        000000
__Lreset_vec                                  reset_vec    000000
__Lrparam                                     rparam       000000
__Lsfr                                        sfr          000000
__Lsmallconst                                 smallconst   001000
__Lspace_0                                    (abs)        000000
__Lspace_1                                    (abs)        000000
__Lspace_2                                    (abs)        000000
__Lspace_4                                    (abs)        000000
__Lstack                                      stack        000000
__Lstruct                                     struct       000000
__Ltemp                                       temp         000073
__Ltext                                       text         000000
__Ltext0                                      text0        000000
__Ltext1                                      text1        000000
__Ltext10                                     text10       000000
__Ltext11                                     text11       000000
__Ltext12                                     text12       000000
__Ltext13                                     text13       000000
__Ltext14                                     text14       000000
__Ltext15                                     text15       000000
__Ltext16                                     text16       000000
__Ltext17                                     text17       000000
__Ltext18                                     text18       000000
__Ltext19                                     text19       000000
__Ltext2                                      text2        000000
__Ltext20                                     text20       000000
__Ltext21                                     text21       000000
__Ltext22                                     text22       000000
__Ltext23                                     text23       000000
__Ltext24                                     text24       000000
__Ltext25                                     text25       000000
__Ltext26                                     text26       000000
__Ltext27                                     text27       000000
__Ltext28                                     text28       000000
__Ltext29                                     text29       000000
__Ltext3                                      text3        000000
__Ltext30                                     text30       000000
__Ltext31                                     text31       000000
__Ltext32                                     text32       000000
__Ltext33                                     text33       000000
__Ltext34                                     text34       000000
__Ltext35                                     text35       000000
__Ltext36                                     text36       000000
__Ltext37                                     text37       000000
__Ltext38                                     text38       000000
__Ltext39                                     text39       000000
__Ltext4                                      text4        000000
__Ltext40                                     text40       000000
__Ltext41                                     text41       000000
__Ltext42                                     text42       000000
__Ltext43                                     text43       000000
__Ltext44                                     text44       000000
__Ltext45                                     text45       000000
__Ltext46                                     text46       000000
__Ltext47                                     text47       000000
__Ltext48                                     text48       000000
__Ltext49                                     text49       000000
__Ltext5                                      text5        000000
__Ltext50                                     text50       000000
__Ltext51                                     text51       000000
__Ltext53                                     text53       000000
__Ltext54                                     text54       000000
__Ltext55                                     text55       000000
__Ltext56                                     text56       000000
__Ltext57                                     text57       000000
__Ltext58                                     text58       000000
__Ltext59                                     text59       000000
__Ltext6                                      text6        000000
__Ltext60                                     text60       000000
__Ltext61                                     text61       000000
__Ltext62                                     text62       000000
__Ltext63                                     text63       000000
__Ltext64                                     text64       000000
__Ltext65                                     text65       000000
__Ltext66                                     text66       000000
__Ltext67                                     text67       000000
__Ltext68                                     text68       000000
__Ltext69                                     text69       000000
__Ltext7                                      text7        000000
__Ltext70                                     text70       000000
__Ltext71                                     text71       000000
__Ltext72                                     text72       000000
__Ltext73                                     text73       000000
__Ltext74                                     text74       000000
__Ltext75                                     text75       000000
__Ltext8                                      text8        000000
__Ltext9                                      text9        000000
__S0                                          (abs)        004A64
__S1                                          (abs)        00019D
__S4                                          (abs)        000000
__S5                                          (abs)        000000
___awdiv                                      text17       003A54
___awdiv@counter                              cstackCOMRAM 000010
___awdiv@dividend                             cstackCOMRAM 00000C
___awdiv@divisor                              cstackCOMRAM 00000E
___awdiv@quotient                             cstackCOMRAM 000012
___awdiv@sign                                 cstackCOMRAM 000011
___awmod                                      text16       003E02
___awmod@counter                              cstackCOMRAM 000010
___awmod@dividend                             cstackCOMRAM 00000C
___awmod@divisor                              cstackCOMRAM 00000E
___awmod@sign                                 cstackCOMRAM 000011
___fladd                                      text44       001A80
___fladd@a                                    cstackCOMRAM 000037
___fladd@aexp                                 cstackCOMRAM 000040
___fladd@b                                    cstackCOMRAM 000033
___fladd@bexp                                 cstackCOMRAM 000041
___fladd@grs                                  cstackCOMRAM 000042
___fladd@signs                                cstackCOMRAM 00003F
___fldiv                                      text43       002770
___fldiv@a                                    cstackCOMRAM 00001E
___fldiv@aexp                                 cstackCOMRAM 000032
___fldiv@b                                    cstackCOMRAM 00001A
___fldiv@bexp                                 cstackCOMRAM 000031
___fldiv@grs                                  cstackCOMRAM 00002D
___fldiv@new_exp                              cstackCOMRAM 00002B
___fldiv@rem                                  cstackCOMRAM 000026
___fldiv@sign                                 cstackCOMRAM 00002A
___flmul                                      text37       001F40
___flmul@a                                    cstackCOMRAM 00001E
___flmul@aexp                                 cstackCOMRAM 00002B
___flmul@b                                    cstackCOMRAM 00001A
___flmul@bexp                                 cstackCOMRAM 00002C
___flmul@grs                                  cstackCOMRAM 000027
___flmul@prod                                 cstackCOMRAM 00002D
___flmul@sign                                 cstackCOMRAM 000026
___flmul@temp                                 cstackCOMRAM 000031
___fltol                                      text42       0035DC
___fltol@exp1                                 cstackCOMRAM 00004C
___fltol@f1                                   cstackCOMRAM 000043
___fltol@sign1                                cstackCOMRAM 00004B
___heap_hi                                    (abs)        000000
___heap_lo                                    (abs)        000000
___inthi_sp                                   stack        000000
___intlo_sp                                   stack        000000
___lwdiv                                      text36       004298
___lwdiv@counter                              cstackCOMRAM 000012
___lwdiv@dividend                             cstackCOMRAM 00000C
___lwdiv@divisor                              cstackCOMRAM 00000E
___lwdiv@quotient                             cstackCOMRAM 000010
___param_bank                                 (abs)        000000
___rparam_used                                (abs)        000001
___sp                                         stack        000000
___xxtofl                                     text41       002B0A
___xxtofl@arg                                 cstackCOMRAM 000016
___xxtofl@exp                                 cstackCOMRAM 000015
___xxtofl@sign                                cstackCOMRAM 000014
___xxtofl@val                                 cstackCOMRAM 00000C
__accesstop                                   (abs)        000080
__activetblptr                                (abs)        000003
__end_of_ADC_GetConversionResult              text51       003BD8
__end_of_ADC_GetConversion_Blocking           text47       004380
__end_of_ADC_ISR                              text74       004A60
__end_of_ADC_Init                             text33       003D50
__end_of_ADC_SelectChannel                    text49       004888
__end_of_ADC_StartConversion                  text48       00498A
__end_of_CCP1_DefaultInterruptHandler         text71       00421E
__end_of_CCP1_ISR                             text70       00491C
__end_of_CCP2_ISR                             text69       004A5C
__end_of_CCP_Compare_Mode_Set_Value           text73       0043F2
__end_of_EUSART_ASYNC_Init                    text29       004544
__end_of_EUSART_ASYNC_RX_Init                 text32       0037DE
__end_of_EUSART_ASYNC_TX_Init                 text31       00398A
__end_of_EUSART_Baud_Rate_Calculation         text30       001A80
__end_of_EUSART_Rx_ISR                        text68       004A64
__end_of_EUSART_Tx_ISR                        text67       004A58
__end_of_I2C_Obj_CFG                          text38       0046A4
__end_of_INT0_ISR                             text66       004A54
__end_of_INT1_ISR                             text65       004A50
__end_of_INT2_ISR                             text64       004A4C
__end_of_InterruptManagerHigh                 intcode_body 002770
__end_of_MSSP_I2C_BC_ISR                      text63       004A48
__end_of_MSSP_I2C_DefaultInterruptHandler     text62       0047E0
__end_of_MSSP_I2C_ISR                         text61       0048EC
__end_of_MSSP_I2C_Init                        text39       003124
__end_of_MSSP_I2C_Interrupt_Configuration     text46       0045D8
__end_of_MSSP_I2C_MODE_GPIO_CFG               text45       004A40
__end_of_MSSP_I2C_Master_Mode_Clock_CFG       text40       003F50
__end_of_RB4_ISR                              text60       0049F2
__end_of_RB5_ISR                              text59       0049D8
__end_of_RB6_ISR                              text58       0049BE
__end_of_RB7_ISR                              text57       0049A4
__end_of_TMR0_ISR                             text56       004A2C
__end_of_TMR1_ISR                             text55       004A1E
__end_of_TMR2_ISR                             text54       004A34
__end_of_TMR3_ISR                             text53       004A10
__end_of_Timer3_Write_value                   text72       00496A
__end_of___awdiv                              text17       003B18
__end_of___awmod                              text16       003EB2
__end_of___fladd                              text44       001F40
__end_of___fldiv                              text43       002B0A
__end_of___flmul                              text37       00236A
__end_of___fltol                              text42       0036E2
__end_of___lwdiv                              text36       00430C
__end_of___xxtofl                             text41       002CBE
__end_of__initialization                      cinit        00418E
__end_of_abs                                  text15       004726
__end_of_adc_input_channel_port_configure     text50       0038B6
__end_of_application_intialize                text19       004A3A
__end_of_btn_value                            smallconst   001011
__end_of_configure_voltage_reference          text35       00458E
__end_of_convert_uint16_to_string             text6        003C94
__end_of_dc_motor_initialize                  text25       004852
__end_of_dc_motor_move_right                  text5        0047A2
__end_of_dc_motor_stop                        text4        004764
__end_of_dtoa                                 text10       002E54
__end_of_ecu_layer_intialize                  text20       0046E6
__end_of_fputc                                text13       003A54
__end_of_fputs                                text12       00461C
__end_of_gpio_pin_direction_intialize         text28       003260
__end_of_gpio_pin_intialize                   text26       00445E
__end_of_gpio_pin_write_logic                 text27       0035DC
__end_of_lcd_8bit_initialize                  text22       0034B8
__end_of_lcd_8bit_send_char_data              text3        00407A
__end_of_lcd_8bit_send_command                text23       00410A
__end_of_lcd_8bit_send_enable_signal          text24       0048BC
__end_of_lcd_8bit_send_string_pos             text1        003E02
__end_of_lcd_8bit_set_cursor                  text2        003FEA
__end_of_main                                 text0        001592
__end_of_memset                               text18       002FCA
__end_of_pad                                  text11       004298
__end_of_putch                                text14       004A62
__end_of_select_result_format                 text34       004660
__end_of_sprintf                              text7        0044FA
__end_of_usart_model_init                     text21       00481C
__end_of_vfpfcnvrt                            text9        00338C
__end_of_vfprintf                             text8        0044AE
__initialization                              cinit        00410A
__mediumconst                                 mediumconst  000000
__pbssBANK0                                   bssBANK0     000080
__pbssBANK1                                   bssBANK1     000100
__pbssCOMRAM                                  bssCOMRAM    00005F
__pcinit                                      cinit        00410A
__pcstackBANK1                                cstackBANK1  000191
__pcstackCOMRAM                               cstackCOMRAM 000001
__pdataBANK0                                  dataBANK0    0000EE
__pdataBANK1                                  dataBANK1    000166
__pdataCOMRAM                                 dataCOMRAM   00006D
__pidataBANK0                                 idataBANK0   0049F2
__pidataBANK1                                 idataBANK1   00491C
__pidataCOMRAM                                idataCOMRAM  004A40
__pintcode                                    intcode      000008
__pintcode_body                               intcode_body 00236A
__pnvCOMRAM                                   nvCOMRAM     000071
__psmallconst                                 smallconst   001000
__ptext0                                      text0        00105E
__ptext1                                      text1        003D50
__ptext10                                     text10       002CBE
__ptext11                                     text11       00421E
__ptext12                                     text12       0045D8
__ptext13                                     text13       00398A
__ptext14                                     text14       004A60
__ptext15                                     text15       0046E6
__ptext16                                     text16       003E02
__ptext17                                     text17       003A54
__ptext18                                     text18       002E54
__ptext19                                     text19       004A34
__ptext2                                      text2        003F50
__ptext20                                     text20       0046A4
__ptext21                                     text21       0047E0
__ptext22                                     text22       00338C
__ptext23                                     text23       00407A
__ptext24                                     text24       004888
__ptext25                                     text25       00481C
__ptext26                                     text26       0043F2
__ptext27                                     text27       0034B8
__ptext28                                     text28       003124
__ptext29                                     text29       0044FA
__ptext3                                      text3        003FEA
__ptext30                                     text30       001592
__ptext31                                     text31       0038B6
__ptext32                                     text32       0036E2
__ptext33                                     text33       003C94
__ptext34                                     text34       00461C
__ptext35                                     text35       004544
__ptext36                                     text36       004298
__ptext37                                     text37       001F40
__ptext38                                     text38       004660
__ptext39                                     text39       002FCA
__ptext4                                      text4        004726
__ptext40                                     text40       003EB2
__ptext41                                     text41       002B0A
__ptext42                                     text42       0035DC
__ptext43                                     text43       002770
__ptext44                                     text44       001A80
__ptext45                                     text45       004A3A
__ptext46                                     text46       00458E
__ptext47                                     text47       00430C
__ptext48                                     text48       00496A
__ptext49                                     text49       004852
__ptext5                                      text5        004764
__ptext50                                     text50       0037DE
__ptext51                                     text51       003B18
__ptext53                                     text53       004A02
__ptext54                                     text54       004A2C
__ptext55                                     text55       004A10
__ptext56                                     text56       004A1E
__ptext57                                     text57       00498A
__ptext58                                     text58       0049A4
__ptext59                                     text59       0049BE
__ptext6                                      text6        003BD8
__ptext60                                     text60       0049D8
__ptext61                                     text61       0048BC
__ptext62                                     text62       0047A2
__ptext63                                     text63       004A44
__ptext64                                     text64       004A48
__ptext65                                     text65       004A4C
__ptext66                                     text66       004A50
__ptext67                                     text67       004A54
__ptext68                                     text68       004A62
__ptext69                                     text69       004A58
__ptext7                                      text7        0044AE
__ptext70                                     text70       0048EC
__ptext71                                     text71       004198
__ptext72                                     text72       004948
__ptext73                                     text73       004380
__ptext74                                     text74       004A5C
__ptext75                                     text75       000000
__ptext8                                      text8        00445E
__ptext9                                      text9        003260
__ramtop                                      ramtop       001000
__smallconst                                  smallconst   001000
_abs                                          text15       0046E6
_adc_1                                        dataBANK1    00018A
_adc_input_channel_port_configure             text50       0037DE
_adc_lm35_1                                   bssCOMRAM    00006B
_adc_lm35_1_txt                               bssBANK0     0000E7
_adc_lm35_celsius                             nvCOMRAM     000071
_application_intialize                        text19       004A34
_btn_value                                    smallconst   001001
_ccp1_obj                                     bssBANK1     000142
_check1                                       bssCOMRAM    000061
_check2                                       bssCOMRAM    000060
_check3                                       bssCOMRAM    00005F
_compare_flag                                 bssCOMRAM    000063
_configure_voltage_reference                  text35       004544
_convert_uint16_to_string                     text6        003BD8
_dbuf                                         bssBANK1     000122
_dc_motor1                                    dataBANK0    0000FB
_dc_motor2                                    dataBANK0    0000F9
_dc_motor_initialize                          text25       00481C
_dc_motor_move_right                          text5        004764
_dc_motor_stop                                text4        004726
_dtoa                                         text10       002CBE
_dtoa$5246                                    cstackCOMRAM 00002B
_dummy_buffer                                 bssBANK0     0000C8
_ecu_layer_intialize                          text20       0046A4
_flags                                        bssBANK0     0000C4
_fputc                                        text13       00398A
_fputs                                        text12       0045D8
_gpio_pin_direction_intialize                 text28       003124
_gpio_pin_intialize                           text26       0043F2
_gpio_pin_write_logic                         text27       0034B8
_i                                            bssBANK0     0000C5
_i2c_obj                                      bssBANK0     0000DA
_i2c_slave_rec_data                           bssBANK0     0000C7
_keypadvalue                                  bssBANK0     0000C6
_lat_registers                                dataBANK1    000170
_lcd_1                                        dataBANK1    000184
_lcd_2                                        dataBANK0    0000EF
_lcd_8bit_initialize                          text22       00338C
_lcd_8bit_send_char_data                      text3        003FEA
_lcd_8bit_send_command                        text23       00407A
_lcd_8bit_send_enable_signal                  text24       004888
_lcd_8bit_send_string_pos                     text1        003D50
_lcd_8bit_set_cursor                          text2        003F50
_main                                         text0        00105E
_memset                                       text18       002E54
_pad                                          text11       00421E
_port_registers                               dataBANK1    000166
_prec                                         bssBANK0     000088
_putch                                        text14       004A60
_ret                                          dataBANK0    0000EE
_select_result_format                         text34       00461C
_sprintf                                      text7        0044AE
_str                                          bssBANK1     00011A
_timer0_preload                               bssBANK0     00009C
_timer1_preload                               bssBANK0     000098
_timer2_preload                               bssCOMRAM    000062
_timer3_preload                               bssBANK0     000092
_timer_obj                                    bssBANK1     00015F
_tris_registers                               dataBANK1    00017A
_usart_model_init                             text21       0047E0
_usart_obj                                    bssBANK0     0000CA
_vfpfcnvrt                                    text9        003260
_vfprintf                                     text8        00445E
_width                                        bssBANK0     000086
abs@a                                         cstackCOMRAM 000012
adc_input_channel_port_configure@channel      cstackCOMRAM 00000E
btemp                                         temp         000073
configure_voltage_reference@_adc              cstackCOMRAM 00000C
convert_uint16_to_string@DataCounter          cstackBANK1  00019C
convert_uint16_to_string@Temp_String          cstackBANK1  000195
convert_uint16_to_string@ret                  cstackBANK1  00019B
convert_uint16_to_string@str                  cstackBANK1  000193
convert_uint16_to_string@value                cstackBANK1  000191
dc_motor_initialize@_motor                    cstackCOMRAM 000019
dc_motor_move_right@_motor                    cstackCOMRAM 000015
dc_motor_stop@_motor                          cstackCOMRAM 000015
dtoa@d                                        cstackCOMRAM 000029
dtoa@fp                                       cstackCOMRAM 000027
dtoa@i                                        cstackCOMRAM 000032
dtoa@p                                        cstackCOMRAM 00002D
dtoa@s                                        cstackCOMRAM 000031
dtoa@w                                        cstackCOMRAM 00002F
end_of_initialization                         cinit        00418E
fputc@c                                       cstackCOMRAM 00000C
fputc@fp                                      cstackCOMRAM 00000E
fputs@c                                       cstackCOMRAM 000019
fputs@fp                                      cstackCOMRAM 000017
fputs@i                                       cstackCOMRAM 00001A
fputs@s                                       cstackCOMRAM 000015
gpio_pin_direction_intialize@_pin_config      cstackCOMRAM 00000C
gpio_pin_intialize@_pin_config                cstackCOMRAM 000015
gpio_pin_intialize@ret                        cstackCOMRAM 000018
gpio_pin_write_logic@_pin_config              cstackCOMRAM 00000C
gpio_pin_write_logic@logic                    cstackCOMRAM 00000E
int$flags                                     temp         000073
int_func                                      intcode_body 00236A
intlevel0                                     text         000000
intlevel1                                     text         000000
intlevel2                                     text         000000
intlevel3                                     text         000000
isa$std                                       (abs)        000001
isa$xinst                                     (abs)        000000
lcd_8bit_initialize@l_data_pins_counter       cstackCOMRAM 000025
lcd_8bit_initialize@lcd                       cstackCOMRAM 000021
lcd_8bit_initialize@ret                       cstackCOMRAM 000026
lcd_8bit_send_char_data@data                  cstackCOMRAM 00001A
lcd_8bit_send_char_data@l_pins_counter        cstackCOMRAM 000020
lcd_8bit_send_char_data@lcd                   cstackCOMRAM 000018
lcd_8bit_send_char_data@ret                   cstackCOMRAM 00001F
lcd_8bit_send_command@command                 cstackCOMRAM 00001A
lcd_8bit_send_command@l_pins_counter          cstackCOMRAM 000020
lcd_8bit_send_command@lcd                     cstackCOMRAM 000018
lcd_8bit_send_command@ret                     cstackCOMRAM 00001F
lcd_8bit_send_enable_signal@lcd               cstackCOMRAM 000015
lcd_8bit_send_enable_signal@ret               cstackCOMRAM 000017
lcd_8bit_send_string_pos@column               cstackCOMRAM 00002A
lcd_8bit_send_string_pos@lcd                  cstackCOMRAM 000027
lcd_8bit_send_string_pos@ret                  cstackCOMRAM 00002D
lcd_8bit_send_string_pos@row                  cstackCOMRAM 000029
lcd_8bit_send_string_pos@str                  cstackCOMRAM 00002B
lcd_8bit_set_cursor@coulmn                    cstackCOMRAM 000024
lcd_8bit_set_cursor@lcd                       cstackCOMRAM 000021
lcd_8bit_set_cursor@row                       cstackCOMRAM 000023
led_initialize@F3048                          bssCOMRAM    00006A
led_toggle@F3063                              bssCOMRAM    000067
led_turn_off@F3058                            bssCOMRAM    000068
led_turn_on@F3053                             bssCOMRAM    000069
memset@c                                      cstackCOMRAM 00000E
memset@dest                                   cstackCOMRAM 00000C
memset@k                                      cstackCOMRAM 000014
memset@n                                      cstackCOMRAM 000010
memset@s                                      cstackCOMRAM 000016
pad@buf                                       cstackCOMRAM 00001E
pad@fp                                        cstackCOMRAM 00001C
pad@i                                         cstackCOMRAM 000023
pad@p                                         cstackCOMRAM 000020
pad@w                                         cstackCOMRAM 000025
relay_initialize@F3042                        bssCOMRAM    000066
relay_turn_off@F3052                          bssCOMRAM    000064
relay_turn_on@F3047                           bssCOMRAM    000065
select_result_format@_adc                     cstackCOMRAM 00000C
sprintf@ap                                    cstackCOMRAM 000050
sprintf@f                                     cstackCOMRAM 000052
sprintf@fmt                                   cstackCOMRAM 00004C
sprintf@s                                     cstackCOMRAM 00004A
stackhi                                       (abs)        000000
stacklo                                       (abs)        000000
start                                         init         00000E
start_initialization                          cinit        00410A
ttemp5                                        temp         000074
ttemp6                                        temp         000077
ttemp7                                        temp         00007B
vfpfcnvrt@ap                                  cstackCOMRAM 000038
vfpfcnvrt@convarg                             cstackCOMRAM 00003C
vfpfcnvrt@cp                                  cstackCOMRAM 000040
vfpfcnvrt@fmt                                 cstackCOMRAM 000036
vfpfcnvrt@fp                                  cstackCOMRAM 000034
vfprintf@ap                                   cstackCOMRAM 000046
vfprintf@cfmt                                 cstackCOMRAM 000048
vfprintf@fmt                                  cstackCOMRAM 000044
vfprintf@fp                                   cstackCOMRAM 000042
wtemp8                                        temp         000074


MODULE INFORMATION

Module		Function		Class		Link	Load	Size
C:\Program Files\Microchip\xc8\v2.41\pic\sources\c99\common\awmod.c
		___awmod       		CODE           	3E02	0000	176

C:\Program Files\Microchip\xc8\v2.41\pic\sources\c99\common\awmod.c estimated size: 176

C:\Program Files\Microchip\xc8\v2.41\pic\sources\c99\common\fltol.c
		___fltol       		CODE           	35DC	0000	262

C:\Program Files\Microchip\xc8\v2.41\pic\sources\c99\common\fltol.c estimated size: 262

C:\Program Files\Microchip\xc8\v2.41\pic\sources\c99\common\xxtofl.c
		___xxtofl      		CODE           	2B0A	0000	436

C:\Program Files\Microchip\xc8\v2.41\pic\sources\c99\common\xxtofl.c estimated size: 436

ECU_Layer/DC_Motor/ecu_dc_motor.c
		_dc_motor_stop 		CODE           	4726	0000	62
		_dc_motor_initialize		CODE           	481C	0000	54
		_dc_motor_move_right		CODE           	4764	0000	62

ECU_Layer/DC_Motor/ecu_dc_motor.c estimated size: 178

C:\Program Files\Microchip\xc8\v2.41\pic\sources\c99\common\nf_fputc.c
		_fputc         		CODE           	398A	0000	202

C:\Program Files\Microchip\xc8\v2.41\pic\sources\c99\common\nf_fputc.c estimated size: 202

C:\Program Files\Microchip\xc8\v2.41\pic\sources\c99\common\memset.c
		_memset        		CODE           	2E54	0000	374

C:\Program Files\Microchip\xc8\v2.41\pic\sources\c99\common\memset.c estimated size: 374

C:\Program Files\Microchip\xc8\v2.41\pic\sources\c99\common\nf_sprintf.c
		_sprintf       		CODE           	44AE	0000	76

C:\Program Files\Microchip\xc8\v2.41\pic\sources\c99\common\nf_sprintf.c estimated size: 76

C:\Program Files\Microchip\xc8\v2.41\pic\sources\c99\common\sprcadd.c
		___fladd       		CODE           	1A80	0000	1216

C:\Program Files\Microchip\xc8\v2.41\pic\sources\c99\common\sprcadd.c estimated size: 1216

C:\Program Files\Microchip\xc8\v2.41\pic\sources\c99\common\lwdiv.c
		___lwdiv       		CODE           	4298	0000	116

C:\Program Files\Microchip\xc8\v2.41\pic\sources\c99\common\lwdiv.c estimated size: 116

C:\Program Files\Microchip\xc8\v2.41\pic\sources\c99\common\awdiv.c
		___awdiv       		CODE           	3A54	0000	196

C:\Program Files\Microchip\xc8\v2.41\pic\sources\c99\common\awdiv.c estimated size: 196

ECU_Layer/Chr_LCD/ecu_chr_lcd.c
		_lcd_8bit_set_cursor		CODE           	3F50	0000	154
		_lcd_8bit_send_enable_signal		CODE           	4888	0000	52
		_convert_uint16_to_string		CODE           	3BD8	0000	188
		_lcd_8bit_initialize		CODE           	338C	0000	300
		_lcd_8bit_send_command		CODE           	407A	0000	144
		_lcd_8bit_send_string_pos		CODE           	3D50	0000	178
		_lcd_8bit_send_char_data		CODE           	3FEA	0000	144

ECU_Layer/Chr_LCD/ecu_chr_lcd.c estimated size: 1160

MCAL_Layer/I2C/hal_i2c.c
		_MSSP_I2C_Interrupt_Configuration		CODE           	458E	0000	74
		_MSSP_I2C_ISR  		CODE           	48BC	0000	48
		_MSSP_I2C_Init 		CODE           	2FCA	0000	346
		_MSSP_I2C_Master_Mode_Clock_CFG		CODE           	3EB2	0000	158
		_MSSP_I2C_BC_ISR		CODE           	4A44	0000	4
		_MSSP_I2C_MODE_GPIO_CFG		CODE           	4A3A	0000	6

MCAL_Layer/I2C/hal_i2c.c estimated size: 636

C:\Program Files\Microchip\xc8\v2.41\pic\sources\c99\common\abs.c
		_abs           		CODE           	46E6	0000	64

C:\Program Files\Microchip\xc8\v2.41\pic\sources\c99\common\abs.c estimated size: 64

C:\Program Files\Microchip\xc8\v2.41\pic\sources\c99\common\doprnt.c
		_vfpfcnvrt     		CODE           	3260	0000	300
		_pad           		CODE           	421E	0000	122
		_dtoa          		CODE           	2CBE	0000	406
		_vfprintf      		CODE           	445E	0000	80

C:\Program Files\Microchip\xc8\v2.41\pic\sources\c99\common\doprnt.c estimated size: 908

shared
		_btn_value     		SMALLCONST     	1001	0000	16
		__initialization		CODE           	410A	0000	132

shared estimated size: 148

MCAL_Layer/Interrupt/mcal_external_interrupt.c
		_RB4_ISR       		CODE           	49D8	0000	26
		_RB5_ISR       		CODE           	49BE	0000	26
		_RB6_ISR       		CODE           	49A4	0000	26
		_RB7_ISR       		CODE           	498A	0000	26
		_INT0_ISR      		CODE           	4A50	0000	4
		_INT1_ISR      		CODE           	4A4C	0000	4
		_INT2_ISR      		CODE           	4A48	0000	4

MCAL_Layer/Interrupt/mcal_external_interrupt.c estimated size: 116

MCAL_Layer/ADC/hal_adc.c
		_adc_input_channel_port_configure		CODE           	37DE	0000	216
		_ADC_GetConversion_Blocking		CODE           	430C	0000	116
		_ADC_GetConversionResult		CODE           	3B18	0000	192
		_configure_voltage_reference		CODE           	4544	0000	74
		_ADC_StartConversion		CODE           	496A	0000	32
		_ADC_ISR       		CODE           	4A5C	0000	4
		_ADC_SelectChannel		CODE           	4852	0000	54
		_ADC_Init      		CODE           	3C94	0000	188
		_select_result_format		CODE           	461C	0000	68

MCAL_Layer/ADC/hal_adc.c estimated size: 944

MCAL_Layer/Interrupt/mcal_interrupt_manager.c
		_InterruptManagerHigh		CODE           	0008	0000	1036

MCAL_Layer/Interrupt/mcal_interrupt_manager.c estimated size: 1036

MCAL_Layer/GPIO/hal_gpio.c
		_gpio_pin_write_logic		CODE           	34B8	0000	292
		_gpio_pin_intialize		CODE           	43F2	0000	108
		_gpio_pin_direction_intialize		CODE           	3124	0000	316

MCAL_Layer/GPIO/hal_gpio.c estimated size: 716

MCAL_Layer/USART/hal_usart.c
		_EUSART_Rx_ISR 		CODE           	4A62	0000	2
		_EUSART_Tx_ISR 		CODE           	4A54	0000	4
		_EUSART_ASYNC_Init		CODE           	44FA	0000	74
		_EUSART_ASYNC_RX_Init		CODE           	36E2	0000	252
		_EUSART_ASYNC_TX_Init		CODE           	38B6	0000	212
		_EUSART_Baud_Rate_Calculation		CODE           	1592	0000	1262

MCAL_Layer/USART/hal_usart.c estimated size: 1806

C:\Program Files\Microchip\xc8\v2.41\pic\sources\c99\common\putch.c
		_putch         		CODE           	4A60	0000	2

C:\Program Files\Microchip\xc8\v2.41\pic\sources\c99\common\putch.c estimated size: 2

C:\Program Files\Microchip\xc8\v2.41\pic\sources\c99\common\nf_fputs.c
		_fputs         		CODE           	45D8	0000	68

C:\Program Files\Microchip\xc8\v2.41\pic\sources\c99\common\nf_fputs.c estimated size: 68

ECU_Layer/ecu_layer_init.c
		_CCP1_DefaultInterruptHandler		CODE           	4198	0000	134
		_usart_model_init		CODE           	47E0	0000	60
		_ecu_layer_intialize		CODE           	46A4	0000	66

ECU_Layer/ecu_layer_init.c estimated size: 260

MCAL_Layer/CCP1/hal_ccp1.c
		_CCP_Compare_Mode_Set_Value		CODE           	4380	0000	114
		_CCP1_ISR      		CODE           	48EC	0000	48
		_CCP2_ISR      		CODE           	4A58	0000	4

MCAL_Layer/CCP1/hal_ccp1.c estimated size: 166

application.c
		_I2C_Obj_CFG   		CODE           	4660	0000	68
		_main          		CODE           	105E	0000	1332
		_application_intialize		CODE           	4A34	0000	6
		_MSSP_I2C_DefaultInterruptHandler		CODE           	47A2	0000	62

application.c estimated size: 1468

MCAL_Layer/Timer3/hal_timer3.c
		_TMR3_ISR      		CODE           	4A02	0000	14
		_Timer3_Write_value		CODE           	4948	0000	34

MCAL_Layer/Timer3/hal_timer3.c estimated size: 48

MCAL_Layer/Timer2/hal_timer2.c
		_TMR2_ISR      		CODE           	4A2C	0000	8

MCAL_Layer/Timer2/hal_timer2.c estimated size: 8

C:\Program Files\Microchip\xc8\v2.41\pic\sources\c99\common\sprcmul.c
		___flmul       		CODE           	1F40	0000	1066

C:\Program Files\Microchip\xc8\v2.41\pic\sources\c99\common\sprcmul.c estimated size: 1066

MCAL_Layer/Timer1/hal_timer1.c
		_TMR1_ISR      		CODE           	4A10	0000	14

MCAL_Layer/Timer1/hal_timer1.c estimated size: 14

MCAL_Layer/Timer0/hal_timer0.c
		_TMR0_ISR      		CODE           	4A1E	0000	14

MCAL_Layer/Timer0/hal_timer0.c estimated size: 14

C:\Program Files\Microchip\xc8\v2.41\pic\sources\c99\common\sprcdiv.c
		___fldiv       		CODE           	2770	0000	922

C:\Program Files\Microchip\xc8\v2.41\pic\sources\c99\common\sprcdiv.c estimated size: 922

